════════════════════════════════════════════════════════════════
  DSL-driven training loop
  arch=control-100m (folder: architectures/control-100m)
  steps=10000 batch=4 seq_len=2048 d_sem=384
  ckpt_dir=/workspace/brian/lfs_checkpoints
════════════════════════════════════════════════════════════════

▶ launch attempt 1 @ 20:10:32Z
[train_dsl] boot @ 2026-08-11T20:10:34Z
[train_dsl] git_commit 55f614a75fe172dbbad94eda624b78c447108f28 (master)
[train_dsl] arch_dsl_sha256 ec45202bdb91f3a24ca7c85e2f20c393191e5d0093322d7098db1ac7d7e8258e (/workspace/brian/architectures/control-100m)
[train_dsl] preset rcc_bowtie_30m_p4: d_model=384 depth=4 heads=6 vocab=50257 lr=0.0003 warmup=300 min_ratio=0.1 wd=0.05
[train_dsl] scale 100m (~~136M (param-matched to SmolLM 100m trunk)): d_model=640 depth=14 heads=10 batch=4 ctx=2048 grad_accum=4 dist=single
[train_dsl] DSL-LM (full N8 cortex): vocab=50257 d_model=640 depth=14 heads=10 ctx=2048
[train_dsl] training config: loss_clip=True(f=3.0), opt=adamw, lr=0.0005, grad_accum=8, label_smooth=0.0, wd=0.01, dropout=0.1, pct_strength=0.0
[train_dsl] GQA: n_kv_heads=10/10  RoPE base=500000
[train_dsl] pred_coding aux weight override -> 0.0
[train_dsl] DSL-LM parameters: total 136.4M  (trainable 136.4M · frozen 0.0M); checkpoint will only save the trainable subset (frozen HF experts excluded via _CKPT_EXTERNAL_PREFIXES)
[train_dsl] TrunkOptMonitor attached (n_trainable=136.4M, pac_sigma=0.02, pac_delta=0.05)
[train_dsl] GIF OOD probe armed
[train_dsl] LR schedule from arch.neuro (preset rcc_bowtie_30m_p4 suppressed): lr=0.0005 wd=0.01 warmup=2400 min_ratio=0.1
[train_dsl] mixed precision: bf16
BRIANHarness:
  vocab_size = 50257
  d_sem      = 640
  parameters = 136,423,330  (trainable 136,423,330 · frozen 0)
  checkpoint = 139,135,991 params ≈ 530.8 MB (fp32) — frozen HF experts excluded
  circuit populations = 0
  sink population = 
  loss clipping = True (factor=3.0)
  optimizer = adamw (lr=0.0005)
[train_dsl] device=cuda, warmup=2400/10000
[train_dsl] ══════════════════════════════════════════════
[train_dsl] PR2 OOD interventions: dar=off pcc=off isotropy=off cmd=off adaptive_mixture=off
[train_dsl] ══════════════════════════════════════════════
[data:text] using FineWeb-Edu-10BT (HuggingFaceFW/fineweb-edu:sample-10BT)
[data:chat] using OpenHermes-2.5 (teknium/OpenHermes-2.5)
[train_dsl] run-heatmap armed: every 500 steps → heatmaps/control-100m/rcc_bowtie_30m_p4.json
step    20 | loss 10.8281 | lm 10.8281 | ppl 50419.1 | gnorm 1.134 | lr 4.17e-06 | 9592 tok/s | Φ 0.999 | λ₁ 0.023 | ign 0.99 | mesoLG 0.50 | troph 14/14 μ1.03 | NT[DA=0.16 NE=0.21 5HT=0.50 ACh=0.30 eCB=0.10 Glu=0.46 GABA=0.15] | osc[δ=0.293 θ=0.260 γ=0.447] | em[C2:ρ=1.00/τ=0.60/s=0.99 C4:Q=0.9 W=528 pl=3 C3:pc=8.104 C5:lat=1.00 C6:pac=0.00] | gif7[dgn=0.975 lr×1.000] | trunk[budget=1.00 bpp=9.12e-11 erank=577.3 uni=3.83 α=0.43 R²=0.79 PR=36.6]
step    40 | loss 10.8125 | lm 10.8125 | ppl 49637.4 | gnorm 1.526 | lr 8.33e-06 | 10671 tok/s | Φ 0.999 | λ₁ 0.023 | ign 0.90 | mesoLG 0.50 | troph 14/14 μ1.41 | NT[DA=0.16 NE=0.20 5HT=0.50 ACh=0.30 eCB=0.10 Glu=0.46 GABA=0.15] | osc[δ=0.263 θ=0.264 γ=0.473] | em[C2:ρ=0.95/τ=0.76/s=0.90 C4:Q=1.6 W=658 pl=3 C3:pc=3.322 C5:lat=1.00 C6:pac=0.03] | gif7[dgn=0.956 lr×1.000] | trunk[budget=1.00 bpp=9.12e-11 erank=569.8 uni=3.48 α=0.40 R²=0.76 PR=23.1]
step    60 | loss 10.7969 | lm 10.7969 | ppl 48867.9 | gnorm 1.381 | lr 1.25e-05 | 10703 tok/s | Φ 0.999 | λ₁ 0.023 | ign 0.87 | mesoLG 0.50 | troph 14/14 μ1.56 | NT[DA=0.16 NE=0.25 5HT=0.51 ACh=0.33 eCB=0.11 Glu=0.47 GABA=0.14] | osc[δ=0.338 θ=0.318 γ=0.344] | em[C2:ρ=0.70/τ=0.89/s=0.87 C4:Q=-1.3 W=499 pl=4 C3:pc=1.340 C5:lat=1.00 C6:pac=0.02] | gif7[dgn=0.964 lr×1.000] | trunk[budget=1.00 bpp=9.12e-11 erank=573.8 uni=3.40 α=0.44 R²=0.82 PR=29.6]
step    80 | loss 10.7688 | lm 10.7688 | ppl 47512.6 | gnorm 1.199 | lr 1.67e-05 | 10625 tok/s | Φ 0.999 | λ₁ 0.023 | ign 0.87 | mesoLG 0.50 | troph 14/14 μ1.63 | NT[DA=0.17 NE=0.21 5HT=0.51 ACh=0.36 eCB=0.11 Glu=0.48 GABA=0.10] | osc[δ=0.412 θ=0.264 γ=0.324] | em[C2:ρ=0.41/τ=0.96/s=0.87 C4:Q=0.2 W=482 pl=4 C3:pc=0.598 C5:lat=1.00 C6:pac=0.01] | gif7[dgn=0.972 lr×1.000] | trunk[budget=1.00 bpp=5.51e-10 erank=573.6 uni=3.38 α=0.44 R²=0.83 PR=30.2]
step   100 | loss 10.7312 | lm 10.7312 | ppl 45763.9 | gnorm 1.462 | lr 2.08e-05 | 10683 tok/s | Φ 0.999 | λ₁ 0.023 | ign 0.87 | mesoLG 0.50 | troph 14/14 μ1.70 | NT[DA=0.17 NE=0.27 5HT=0.51 ACh=0.40 eCB=0.13 Glu=0.52 GABA=0.09] | osc[δ=0.467 θ=0.269 γ=0.264] | em[C2:ρ=0.11/τ=0.97/s=0.87 C4:Q=3.9 W=584 pl=3 C3:pc=0.329 C5:lat=1.00 C6:pac=0.01] | gif7[dgn=0.960 lr×1.000] | trunk[budget=1.00 bpp=1.01e-09 erank=569.7 uni=2.98 α=0.43 R²=0.81 PR=22.2]
step   120 | loss 10.7063 | lm 10.7063 | ppl 44633.9 | gnorm 1.237 | lr 2.50e-05 | 10647 tok/s | Φ 0.999 | λ₁ 0.023 | ign 0.87 | mesoLG 0.50 | troph 14/14 μ1.80 | NT[DA=0.18 NE=0.23 5HT=0.52 ACh=0.41 eCB=0.15 Glu=0.59 GABA=0.08] | osc[δ=0.520 θ=0.200 γ=0.279] | em[C2:ρ=0.00/τ=0.93/s=0.87 C4:Q=-0.9 W=699 pl=2 C3:pc=0.233 C5:lat=1.00 C6:pac=0.01] | gif7[dgn=0.971 lr×1.000] | trunk[budget=1.00 bpp=1.01e-09 erank=557.1 uni=3.11 α=0.37 R²=0.80 PR=10.4]
step   140 | loss 10.6094 | lm 10.6094 | ppl 40512.9 | gnorm 1.517 | lr 2.92e-05 | 10710 tok/s | Φ 0.999 | λ₁ 0.023 | ign 0.86 | mesoLG 0.50 | troph 14/14 μ1.96 | NT[DA=0.22 NE=0.30 5HT=0.53 ACh=0.40 eCB=0.22 Glu=0.71 GABA=0.09] | osc[δ=0.639 θ=0.171 γ=0.190] | em[C2:ρ=0.03/τ=0.89/s=0.86 C4:Q=-1.4 W=804 pl=2 C3:pc=0.214 C5:lat=1.00 C6:pac=0.01] | gif7[dgn=0.957 lr×1.000] | trunk[budget=1.00 bpp=2.39e-09 erank=550.0 uni=2.95 α=0.38 R²=0.77 PR=8.5]
step   160 | loss 10.5656 | lm 10.5656 | ppl 38778.6 | gnorm 1.683 | lr 3.33e-05 | 10681 tok/s | Φ 0.999 | λ₁ 0.023 | ign 0.82 | mesoLG 0.50 | troph 14/14 μ2.15 | NT[DA=0.21 NE=0.36 5HT=0.54 ACh=0.38 eCB=0.29 Glu=0.77 GABA=0.12] | osc[δ=0.650 θ=0.159 γ=0.191] | em[C2:ρ=0.19/τ=0.87/s=0.82 C4:Q=6.5 W=757 pl=2 C3:pc=0.216 C5:lat=1.00 C6:pac=0.02] | gif7[dgn=0.948 lr×1.000] | trunk[budget=1.00 bpp=1.93e-09 erank=543.1 uni=2.37 α=0.35 R²=0.73 PR=6.8]
step   180 | loss 10.5000 | lm 10.5000 | ppl 36315.5 | gnorm 1.569 | lr 3.75e-05 | 10730 tok/s | Φ 0.999 | λ₁ 0.023 | ign 0.78 | mesoLG 0.50 | troph 14/14 μ2.38 | NT[DA=0.23 NE=0.33 5HT=0.55 ACh=0.34 eCB=0.38 Glu=0.83 GABA=0.14] | osc[δ=0.639 θ=0.153 γ=0.207] | em[C2:ρ=0.36/τ=0.89/s=0.78 C4:Q=5.0 W=824 pl=2 C3:pc=0.229 C5:lat=1.00 C6:pac=0.02] | gif7[dgn=0.954 lr×1.000] | trunk[budget=1.00 bpp=1.47e-09 erank=534.4 uni=2.30 α=0.30 R²=0.62 PR=5.3]
step   200 | loss 10.4375 | lm 10.4375 | ppl 34115.3 | gnorm 1.903 | lr 4.17e-05 | 10665 tok/s | Φ 0.999 | λ₁ 0.023 | ign 0.77 | mesoLG 0.50 | troph 14/14 μ2.61 | NT[DA=0.25 NE=0.39 5HT=0.56 ACh=0.34 eCB=0.43 Glu=0.85 GABA=0.16] | osc[δ=0.643 θ=0.190 γ=0.167] | em[C2:ρ=0.38/τ=0.92/s=0.77 C4:Q=-4.5 W=817 pl=2 C3:pc=0.245 C5:lat=1.00 C6:pac=0.03] | gif7[dgn=0.935 lr×1.000] | trunk[budget=1.00 bpp=2.85e-09 erank=529.3 uni=2.30 α=0.30 R²=0.60 PR=5.0]
step   220 | loss 10.3719 | lm 10.3719 | ppl 31948.3 | gnorm 1.940 | lr 4.58e-05 | 10740 tok/s | Φ 0.999 | λ₁ 0.023 | ign 0.77 | mesoLG 0.50 | troph 14/14 μ2.86 | NT[DA=0.27 NE=0.40 5HT=0.58 ACh=0.35 eCB=0.45 Glu=0.86 GABA=0.15] | osc[δ=0.716 θ=0.127 γ=0.157] | em[C2:ρ=0.22/τ=0.95/s=0.77 C4:Q=7.9 W=860 pl=2 C3:pc=0.270 C5:lat=1.00 C6:pac=0.02] | gif7[dgn=0.932 lr×1.000] | trunk[budget=1.00 bpp=3.31e-09 erank=529.9 uni=2.34 α=0.34 R²=0.64 PR=4.5]
step   240 | loss 10.2750 | lm 10.2750 | ppl 28998.5 | gnorm 1.840 | lr 5.00e-05 | 10754 tok/s | Φ 0.999 | λ₁ 0.023 | ign 0.76 | mesoLG 0.50 | troph 14/14 μ3.08 | NT[DA=0.27 NE=0.46 5HT=0.59 ACh=0.37 eCB=0.45 Glu=0.86 GABA=0.14] | osc[δ=0.675 θ=0.163 γ=0.162] | em[C2:ρ=0.06/τ=0.93/s=0.76 C4:Q=-5.0 W=854 pl=2 C3:pc=0.291 C5:lat=1.00 C6:pac=0.03] | gif7[dgn=0.938 lr×1.000] | trunk[budget=1.00 bpp=3.77e-09 erank=523.3 uni=2.17 α=0.28 R²=0.51 PR=3.9]
step   260 | loss 10.2625 | lm 10.2625 | ppl 28638.3 | gnorm 1.731 | lr 5.42e-05 | 10713 tok/s | Φ 0.999 | λ₁ 0.023 | ign 0.75 | mesoLG 0.50 | troph 14/14 μ3.35 | NT[DA=0.27 NE=0.32 5HT=0.60 ACh=0.37 eCB=0.47 Glu=0.87 GABA=0.11] | osc[δ=0.666 θ=0.159 γ=0.175] | em[C2:ρ=0.05/τ=0.90/s=0.75 C4:Q=-6.3 W=946 pl=2 C3:pc=0.304 C5:lat=1.00 C6:pac=0.02] | gif7[dgn=0.945 lr×1.000] | trunk[budget=1.00 bpp=4.23e-09 erank=514.1 uni=2.14 α=0.26 R²=0.45 PR=3.3]
step   280 | loss 10.1438 | lm 10.1438 | ppl 25431.7 | gnorm 2.136 | lr 5.83e-05 | 10708 tok/s | Φ 0.999 | λ₁ 0.023 | ign 0.70 | mesoLG 0.50 | troph 14/14 μ3.53 | NT[DA=0.32 NE=0.37 5HT=0.62 ACh=0.36 eCB=0.44 Glu=0.85 GABA=0.13] | osc[δ=0.645 θ=0.176 γ=0.179] | em[C2:ρ=0.16/τ=0.87/s=0.70 C4:Q=-0.9 W=951 pl=2 C3:pc=0.327 C5:lat=1.00 C6:pac=0.02] | gif7[dgn=0.920 lr×1.000] | trunk[budget=1.00 bpp=5.61e-09 erank=511.7 uni=1.97 α=0.26 R²=0.42 PR=3.0]
step   300 | loss 10.0500 | lm 10.0500 | ppl 23155.8 | gnorm 1.847 | lr 6.25e-05 | 10724 tok/s | Φ 0.999 | λ₁ 0.023 | ign 0.62 | mesoLG 0.51 | troph 14/14 μ3.70 | NT[DA=0.37 NE=0.34 5HT=0.64 ACh=0.31 eCB=0.43 Glu=0.85 GABA=0.18] | osc[δ=0.672 θ=0.145 γ=0.183] | em[C2:ρ=0.47/τ=0.90/s=0.62 C4:Q=6.9 W=928 pl=2 C3:pc=0.344 C5:lat=1.00 C6:pac=0.02] | gif7[dgn=0.938 lr×1.000] | trunk[budget=1.00 bpp=6.53e-09 erank=511.5 uni=2.01 α=0.31 R²=0.51 PR=2.7]
step   320 | loss 9.8906 | lm 9.8906 | ppl 19744.4 | gnorm 2.426 | lr 6.67e-05 | 10657 tok/s | Φ 0.993 | λ₁ 0.023 | ign 0.61 | mesoLG 0.50 | troph 14/14 μ3.79 | NT[DA=0.38 NE=0.51 5HT=0.66 ACh=0.28 eCB=0.41 Glu=0.83 GABA=0.24] | osc[δ=0.565 θ=0.218 γ=0.217] | em[C2:ρ=0.56/τ=0.96/s=0.61 C4:Q=-4.5 W=897 pl=2 C3:pc=0.371 C5:lat=1.00 C6:pac=0.01] | gif7[dgn=0.900 lr×1.000] | trunk[budget=1.00 bpp=6.53e-09 erank=510.0 uni=2.64 α=0.29 R²=0.45 PR=2.5]
step   340 | loss 9.8469 | lm 9.8469 | ppl 18899.2 | gnorm 2.161 | lr 7.08e-05 | 10674 tok/s | Φ 0.993 | λ₁ 0.023 | ign 0.61 | mesoLG 0.50 | troph 14/14 μ3.92 | NT[DA=0.37 NE=0.39 5HT=0.67 ACh=0.28 eCB=0.42 Glu=0.84 GABA=0.22] | osc[δ=0.639 θ=0.181 γ=0.181] | em[C2:ρ=0.52/τ=1.00/s=0.61 C4:Q=-8.1 W=957 pl=2 C3:pc=0.368 C5:lat=1.00 C6:pac=0.01] | gif7[dgn=0.918 lr×1.000] | trunk[budget=1.00 bpp=7.45e-09 erank=501.6 uni=2.45 α=0.27 R²=0.38 PR=2.2]
step   360 | loss 9.7000 | lm 9.7000 | ppl 16317.6 | gnorm 2.345 | lr 7.50e-05 | 10637 tok/s | Φ 0.993 | λ₁ 0.023 | ign 0.61 | mesoLG 0.51 | troph 14/14 μ3.93 | NT[DA=0.47 NE=0.39 5HT=0.69 ACh=0.33 eCB=0.39 Glu=0.82 GABA=0.16] | osc[δ=0.636 θ=0.194 γ=0.171] | em[C2:ρ=0.22/τ=1.00/s=0.61 C4:Q=2.3 W=883 pl=2 C3:pc=0.367 C5:lat=1.00 C6:pac=0.01] | gif7[dgn=0.905 lr×1.000] | trunk[budget=1.00 bpp=8.36e-09 erank=503.7 uni=2.54 α=0.32 R²=0.45 PR=2.1]
step   380 | loss 9.4969 | lm 9.4969 | ppl 13318.0 | gnorm 2.788 | lr 7.92e-05 | 10615 tok/s | Φ 0.987 | λ₁ 0.023 | ign 0.61 | mesoLG 0.50 | troph 14/14 μ3.78 | NT[DA=0.47 NE=0.59 5HT=0.71 ACh=0.37 eCB=0.37 Glu=0.81 GABA=0.16] | osc[δ=0.618 θ=0.242 γ=0.139] | em[C2:ρ=0.08/τ=0.98/s=0.61 C4:Q=-5.8 W=955 pl=2 C3:pc=0.412 C5:lat=1.00 C6:pac=0.01] | gif7[dgn=0.873 lr×1.000] | trunk[budget=1.00 bpp=1.07e-08 erank=496.7 uni=2.54 α=0.35 R²=0.48 PR=1.9]
step   400 | loss 9.4187 | lm 9.4187 | ppl 12317.2 | gnorm 2.267 | lr 8.33e-05 | 10635 tok/s | Φ 0.987 | λ₁ 0.023 | ign 0.61 | mesoLG 0.50 | troph 14/14 μ3.50 | NT[DA=0.45 NE=0.37 5HT=0.73 ACh=0.38 eCB=0.32 Glu=0.77 GABA=0.12] | osc[δ=0.487 θ=0.291 γ=0.222] | em[C2:ρ=0.00/τ=0.94/s=0.61 C4:Q=-2.7 W=880 pl=2 C3:pc=0.421 C5:lat=1.00 C6:pac=0.01] | gif7[dgn=0.911 lr×1.000] | trunk[budget=1.00 bpp=1.07e-08 erank=487.9 uni=3.01 α=0.34 R²=0.46 PR=1.7]
step   420 | loss 9.2906 | lm 9.2906 | ppl 10836.0 | gnorm 2.265 | lr 8.75e-05 | 10626 tok/s | Φ 0.982 | λ₁ 0.023 | ign 0.61 | mesoLG 0.50 | troph 14/14 μ3.25 | NT[DA=0.47 NE=0.34 5HT=0.74 ACh=0.38 eCB=0.32 Glu=0.79 GABA=0.11] | osc[δ=0.532 θ=0.249 γ=0.219] | em[C2:ρ=0.00/τ=0.90/s=0.61 C4:Q=-1.1 W=817 pl=2 C3:pc=0.392 C5:lat=1.00 C6:pac=0.01] | gif7[dgn=0.911 lr×1.000] | trunk[budget=1.00 bpp=1.16e-08 erank=480.9 uni=3.22 α=0.36 R²=0.47 PR=1.6]
step   440 | loss 9.1219 | lm 9.1219 | ppl 9153.3 | gnorm 2.374 | lr 9.17e-05 | 10564 tok/s | Φ 0.982 | λ₁ 0.023 | ign 0.61 | mesoLG 0.50 | troph 14/14 μ3.24 | NT[DA=0.47 NE=0.46 5HT=0.75 ACh=0.37 eCB=0.36 Glu=0.81 GABA=0.14] | osc[δ=0.610 θ=0.214 γ=0.176] | em[C2:ρ=0.02/τ=0.87/s=0.61 C4:Q=-1.8 W=707 pl=3 C3:pc=0.452 C5:lat=1.00 C6:pac=0.02] | gif7[dgn=0.903 lr×1.000] | trunk[budget=1.00 bpp=1.34e-08 erank=473.0 uni=3.00 α=0.33 R²=0.41 PR=1.5]
step   460 | loss 8.9563 | lm 8.9563 | ppl 7756.2 | gnorm 2.870 | lr 9.58e-05 | 10580 tok/s | Φ 0.970 | λ₁ 0.023 | ign 0.61 | mesoLG 0.50 | troph 14/14 μ3.14 | NT[DA=0.49 NE=0.54 5HT=0.76 ACh=0.36 eCB=0.34 Glu=0.81 GABA=0.15] | osc[δ=0.567 θ=0.171 γ=0.262] | em[C2:ρ=0.06/τ=0.83/s=0.61 C4:Q=6.6 W=762 pl=2 C3:pc=0.452 C5:lat=1.00 C6:pac=0.01] | gif7[dgn=0.867 lr×1.000] | trunk[budget=1.00 bpp=1.39e-08 erank=463.7 uni=3.87 α=0.34 R²=0.42 PR=1.4]
step   480 | loss 8.8812 | lm 8.8812 | ppl 7195.8 | gnorm 2.536 | lr 1.00e-04 | 10536 tok/s | Φ 0.970 | λ₁ 0.023 | ign 0.61 | mesoLG 0.50 | troph 14/14 μ3.33 | NT[DA=0.47 NE=0.29 5HT=0.77 ACh=0.32 eCB=0.40 Glu=0.84 GABA=0.15] | osc[δ=0.558 θ=0.259 γ=0.184] | em[C2:ρ=0.19/τ=0.82/s=0.61 C4:Q=4.2 W=767 pl=2 C3:pc=0.452 C5:lat=1.00 C6:pac=0.02] | gif7[dgn=0.892 lr×1.000] | trunk[budget=1.00 bpp=1.62e-08 erank=462.3 uni=3.87 α=0.35 R²=0.42 PR=1.4]
[train_dsl] heatmap step 500: heatmaps/control-100m/rcc_bowtie_30m_p4.json (max=0.28, hottest=language_model.lm_head)
[train_dsl] heatmap pushed → master
step   500 | loss 8.6875 | lm 8.6875 | ppl 5928.3 | gnorm 2.754 | lr 1.04e-04 | 8772 tok/s | Φ 0.958 | λ₁ 0.023 | ign 0.62 | mesoLG 0.50 | troph 14/14 μ3.56 | NT[DA=0.46 NE=0.51 5HT=0.77 ACh=0.28 eCB=0.43 Glu=0.85 GABA=0.25] | osc[δ=0.598 θ=0.162 γ=0.240] | em[C2:ρ=0.45/τ=0.84/s=0.62 C4:Q=-10.4 W=746 pl=2 C3:pc=0.606 C5:lat=1.00 C6:pac=0.01] | gif7[dgn=0.876 lr×1.000] | trunk[budget=1.00 bpp=1.48e-08 erank=454.1 uni=3.39 α=0.34 R²=0.39 PR=1.4]
[mid-ood] step 500: eval-v2 snapshot...
[mid-ood] step 500: wikitext ppl=8606.8 gap_ratio=1.45 (train_ppl=5928.3) traindist ppl=6609.0 gap_v2=1.30 pg19 ppl=4822.8 (50 seq, 6430 tok)
step   520 | loss 8.6125 | lm 8.6125 | ppl 5500.0 | gnorm 2.390 | lr 1.08e-04 | 5395 tok/s | Φ 0.953 | λ₁ 0.023 | ign 0.62 | mesoLG 0.50 | troph 14/14 μ3.65 | NT[DA=0.45 NE=0.31 5HT=0.77 ACh=0.25 eCB=0.38 Glu=0.81 GABA=0.24] | osc[δ=0.574 θ=0.207 γ=0.219] | em[C2:ρ=0.48/τ=0.90/s=0.62 C4:Q=2.5 W=759 pl=2 C3:pc=1.022 C5:lat=1.00 C6:pac=0.01] | gif7[dgn=0.902 lr×1.000] | trunk[budget=1.00 bpp=1.62e-08 erank=451.8 uni=3.28 α=0.37 R²=0.43 PR=1.4]
step   540 | loss 8.4344 | lm 8.4344 | ppl 4602.6 | gnorm 2.722 | lr 1.13e-04 | 10088 tok/s | Φ 0.941 | λ₁ 0.023 | ign 0.62 | mesoLG 0.51 | troph 14/14 μ3.61 | NT[DA=0.47 NE=0.41 5HT=0.78 ACh=0.29 eCB=0.36 Glu=0.81 GABA=0.21] | osc[δ=0.522 θ=0.224 γ=0.255] | em[C2:ρ=0.33/τ=0.93/s=0.62 C4:Q=-6.0 W=660 pl=4 C3:pc=1.246 C5:lat=1.00 C6:pac=0.02] | gif7[dgn=0.878 lr×1.000] | trunk[budget=1.00 bpp=1.66e-08 erank=446.0 uni=3.10 α=0.36 R²=0.42 PR=1.3]
step   560 | loss 8.3641 | lm 8.3641 | ppl 4290.1 | gnorm 2.701 | lr 1.17e-04 | 9759 tok/s | Φ 0.935 | λ₁ 0.023 | ign 0.62 | mesoLG 0.50 | troph 14/14 μ3.93 | NT[DA=0.47 NE=0.28 5HT=0.78 ACh=0.33 eCB=0.42 Glu=0.85 GABA=0.14] | osc[δ=0.632 θ=0.176 γ=0.192] | em[C2:ρ=0.11/τ=0.94/s=0.62 C4:Q=0.0 W=781 pl=2 C3:pc=118819.324 C5:lat=1.00 C6:pac=0.01] | gif7[dgn=0.880 lr×1.000] | trunk[budget=1.00 bpp=2.19e-08 erank=443.3 uni=2.97 α=0.34 R²=0.37 PR=1.3]
step   580 | loss 8.3125 | lm 8.3125 | ppl 4074.5 | gnorm 2.064 | lr 1.21e-04 | 9581 tok/s | Φ 0.918 | λ₁ 0.023 | ign 0.62 | mesoLG 0.50 | troph 14/14 μ3.90 | NT[DA=0.40 NE=0.18 5HT=0.77 ACh=0.38 eCB=0.36 Glu=0.80 GABA=0.09] | osc[δ=0.628 θ=0.237 γ=0.135] | em[C2:ρ=0.00/τ=0.90/s=0.62 C4:Q=-1.8 W=494 pl=4 C3:pc=497190185834417.062 C5:lat=1.00 C6:pac=0.01] | gif7[dgn=0.924 lr×1.000] | trunk[budget=1.00 bpp=1.80e-08 erank=438.5 uni=2.77 α=0.31 R²=0.31 PR=1.3]
step   600 | loss 8.0672 | lm 8.0672 | ppl 3188.1 | gnorm 2.629 | lr 1.25e-04 | 9648 tok/s | Φ 0.912 | λ₁ 0.023 | ign 0.62 | mesoLG 0.50 | troph 14/14 μ4.19 | NT[DA=0.44 NE=0.29 5HT=0.78 ACh=0.38 eCB=0.41 Glu=0.84 GABA=0.10] | osc[δ=0.610 θ=0.238 γ=0.152] | em[C2:ρ=0.00/τ=0.86/s=0.62 C4:Q=3.2 W=768 pl=4 C3:pc=3335500447726161734255331246080.000 C5:lat=1.00 C6:pac=0.01] | gif7[dgn=0.885 lr×1.000] | trunk[budget=1.00 bpp=1.99e-08 erank=437.3 uni=2.89 α=0.34 R²=0.36 PR=1.3]
