════════════════════════════════════════════════════════════════
  DSL-driven training loop
  arch=vbb-100m (folder: architectures/vbb-100m)
  steps=10000 batch=4 seq_len=2048 d_sem=384
  ckpt_dir=/workspace/brian/lfs_checkpoints
════════════════════════════════════════════════════════════════

▶ launch attempt 1 @ 18:53:59Z
[train_dsl] boot @ 2026-08-11T18:54:01Z
[train_dsl] git_commit d92d85af84c4eea50611ad9ee1eca66a12b595db (master)
[train_dsl] arch_dsl_sha256 9e391efd9bc0db8ab2f72f2d926b6f348026f62eca6b51dc4ccdfa89874b324e (/workspace/brian/architectures/vbb-100m)
[train_dsl] preset rcc_bowtie_30m_p4: d_model=384 depth=4 heads=6 vocab=50257 lr=0.0003 warmup=300 min_ratio=0.1 wd=0.05
[train_dsl] scale 100m (~~135M (param-matched to topology-100m; VBB adds <0.5M)): d_model=640 depth=8 heads=10 batch=4 ctx=2048 grad_accum=4 dist=single
[train_dsl] DSL-LM (full N8 cortex): vocab=50257 d_model=640 depth=8 heads=10 ctx=2048
[train_dsl] training config: loss_clip=True(f=3.0), opt=adamw, lr=0.0005, grad_accum=8, label_smooth=0.0, wd=0.01, dropout=0.1, pct_strength=0.0
[train_dsl] GQA: n_kv_heads=10/10  RoPE base=500000
[train_dsl] pred_coding aux weight override -> 0.0
[train_dsl] DSL-LM parameters: total 135.7M  (trainable 135.7M · frozen 0.0M); checkpoint will only save the trainable subset (frozen HF experts excluded via _CKPT_EXTERNAL_PREFIXES)
[train_dsl] TrunkOptMonitor attached (n_trainable=135.7M, pac_sigma=0.02, pac_delta=0.05)
[train_dsl] GIF OOD probe armed
[train_dsl] LR schedule from arch.neuro (preset rcc_bowtie_30m_p4 suppressed): lr=0.0005 wd=0.01 warmup=2400 min_ratio=0.1
[train_dsl] mixed precision: bf16
BRIANHarness:
  vocab_size = 50257
  d_sem      = 640
  parameters = 135,653,144  (trainable 135,653,144 · frozen 0)
  checkpoint = 138,365,805 params ≈ 527.8 MB (fp32) — frozen HF experts excluded
  circuit populations = 0
  sink population = 
  loss clipping = True (factor=3.0)
  optimizer = adamw (lr=0.0005)
[train_dsl] device=cuda, warmup=2400/10000
[train_dsl] ══════════════════════════════════════════════
[train_dsl] PR2 OOD interventions: dar=off pcc=off isotropy=off cmd=off adaptive_mixture=off
[train_dsl] ══════════════════════════════════════════════
[data:text] using FineWeb-Edu-10BT (HuggingFaceFW/fineweb-edu:sample-10BT)
[data:chat] using OpenHermes-2.5 (teknium/OpenHermes-2.5)
[train_dsl] run-heatmap armed: every 500 steps → heatmaps/vbb-100m/rcc_bowtie_30m_p4.json
step    20 | loss 11.0705 | lm 10.8469 | ppl 51373.4 | gnorm 1.494 | lr 4.17e-06 | 8578 tok/s | Φ 0.999 | λ₁ 0.075 | ign 0.57 | mesoLG 0.50 | troph 8/8 μ0.88 | NT[DA=0.15 NE=0.21 5HT=0.50 ACh=0.36 eCB=0.10 Glu=0.45 GABA=0.11] | osc[δ=0.357 θ=0.456 γ=0.187] | em[C2:ρ=0.45/τ=0.53/s=0.57 C4:Q=3.6 W=441 pl=5 C3:pc=5.059 VBB:β=1.00 σ=0.0183 kl=70.342 C5:lat=1.00 C6:pac=0.00] | gif7[dgn=0.958 lr×1.000] | trunk[budget=0.98 bpp=9.20e-11 erank=528.3 uni=2.90 α=0.64 R²=0.94 PR=12.8]
step    40 | loss 11.0086 | lm 10.8219 | ppl 50104.9 | gnorm 1.982 | lr 8.33e-06 | 9382 tok/s | Φ 0.999 | λ₁ 0.075 | ign 0.57 | mesoLG 0.50 | troph 8/8 μ1.19 | NT[DA=0.16 NE=0.20 5HT=0.50 ACh=0.37 eCB=0.10 Glu=0.45 GABA=0.09] | osc[δ=0.304 θ=0.319 γ=0.377] | em[C2:ρ=0.28/τ=0.57/s=0.57 C4:Q=0.7 W=645 pl=3 C3:pc=2.126 VBB:β=1.00 σ=0.0183 kl=70.342 C5:lat=1.00 C6:pac=0.02] | gif7[dgn=0.930 lr×1.000] | trunk[budget=0.98 bpp=9.20e-11 erank=526.2 uni=2.70 α=0.59 R²=0.91 PR=10.0]
step    60 | loss 10.9629 | lm 10.7937 | ppl 48715.4 | gnorm 1.770 | lr 1.25e-05 | 9385 tok/s | Φ 0.999 | λ₁ 0.075 | ign 0.58 | mesoLG 0.50 | troph 8/8 μ1.31 | NT[DA=0.17 NE=0.25 5HT=0.51 ACh=0.38 eCB=0.10 Glu=0.46 GABA=0.10] | osc[δ=0.416 θ=0.318 γ=0.266] | em[C2:ρ=0.22/τ=0.57/s=0.58 C4:Q=-5.9 W=374 pl=6 C3:pc=0.895 VBB:β=1.00 σ=0.0184 kl=70.339 C5:lat=1.00 C6:pac=0.02] | gif7[dgn=0.943 lr×1.000] | trunk[budget=0.98 bpp=9.20e-11 erank=526.5 uni=2.61 α=0.63 R²=0.94 PR=13.3]
step    80 | loss 10.9095 | lm 10.7469 | ppl 46484.5 | gnorm 1.477 | lr 1.67e-05 | 9366 tok/s | Φ 0.999 | λ₁ 0.075 | ign 0.58 | mesoLG 0.50 | troph 8/8 μ1.37 | NT[DA=0.18 NE=0.20 5HT=0.51 ACh=0.38 eCB=0.11 Glu=0.47 GABA=0.09] | osc[δ=0.430 θ=0.286 γ=0.284] | em[C2:ρ=0.09/τ=0.56/s=0.58 C4:Q=0.3 W=422 pl=4 C3:pc=0.439 VBB:β=1.00 σ=0.0184 kl=70.337 C5:lat=1.00 C6:pac=0.01] | gif7[dgn=0.959 lr×1.000] | trunk[budget=0.99 bpp=5.56e-10 erank=525.9 uni=2.62 α=0.63 R²=0.95 PR=11.9]
step   100 | loss 10.8787 | lm 10.7188 | ppl 45195.4 | gnorm 1.773 | lr 2.08e-05 | 9385 tok/s | Φ 0.999 | λ₁ 0.075 | ign 0.61 | mesoLG 0.50 | troph 8/8 μ1.41 | NT[DA=0.18 NE=0.25 5HT=0.52 ACh=0.38 eCB=0.11 Glu=0.49 GABA=0.10] | osc[δ=0.532 θ=0.236 γ=0.232] | em[C2:ρ=0.12/τ=0.54/s=0.61 C4:Q=1.7 W=490 pl=4 C3:pc=0.277 VBB:β=1.00 σ=0.0185 kl=70.332 C5:lat=1.00 C6:pac=0.02] | gif7[dgn=0.943 lr×1.000] | trunk[budget=0.99 bpp=1.48e-09 erank=523.1 uni=2.29 α=0.61 R²=0.94 PR=10.0]
step   120 | loss 10.8448 | lm 10.6875 | ppl 43804.9 | gnorm 1.463 | lr 2.50e-05 | 9340 tok/s | Φ 0.999 | λ₁ 0.075 | ign 0.63 | mesoLG 0.50 | troph 8/8 μ1.46 | NT[DA=0.19 NE=0.20 5HT=0.52 ACh=0.36 eCB=0.13 Glu=0.52 GABA=0.10] | osc[δ=0.580 θ=0.187 γ=0.234] | em[C2:ρ=0.27/τ=0.54/s=0.63 C4:Q=-1.1 W=578 pl=3 C3:pc=0.222 VBB:β=1.00 σ=0.0186 kl=70.325 C5:lat=1.00 C6:pac=0.01] | gif7[dgn=0.960 lr×1.000] | trunk[budget=0.99 bpp=1.48e-09 erank=518.0 uni=2.40 α=0.54 R²=0.91 PR=6.0]
step   140 | loss 10.7331 | lm 10.5781 | ppl 39266.4 | gnorm 1.745 | lr 2.92e-05 | 9396 tok/s | Φ 0.999 | λ₁ 0.075 | ign 0.64 | mesoLG 0.50 | troph 8/8 μ1.55 | NT[DA=0.23 NE=0.27 5HT=0.54 ACh=0.33 eCB=0.15 Glu=0.59 GABA=0.14] | osc[δ=0.666 θ=0.178 γ=0.157] | em[C2:ρ=0.45/τ=0.57/s=0.64 C4:Q=5.2 W=686 pl=3 C3:pc=0.220 VBB:β=1.00 σ=0.0188 kl=70.314 C5:lat=1.00 C6:pac=0.01] | gif7[dgn=0.944 lr×1.000] | trunk[budget=0.99 bpp=2.41e-09 erank=515.3 uni=2.36 α=0.54 R²=0.88 PR=5.2]
step   160 | loss 10.6915 | lm 10.5406 | ppl 37821.2 | gnorm 1.922 | lr 3.33e-05 | 9386 tok/s | Φ 0.999 | λ₁ 0.075 | ign 0.64 | mesoLG 0.50 | troph 8/8 μ1.64 | NT[DA=0.22 NE=0.33 5HT=0.55 ACh=0.32 eCB=0.19 Glu=0.64 GABA=0.16] | osc[δ=0.649 θ=0.185 γ=0.166] | em[C2:ρ=0.50/τ=0.63/s=0.64 C4:Q=-0.8 W=607 pl=3 C3:pc=0.229 VBB:β=1.00 σ=0.0191 kl=70.300 C5:lat=1.00 C6:pac=0.02] | gif7[dgn=0.933 lr×1.000] | trunk[budget=0.99 bpp=1.95e-09 erank=510.0 uni=2.17 α=0.49 R²=0.84 PR=4.1]
step   180 | loss 10.6060 | lm 10.4594 | ppl 34869.8 | gnorm 1.793 | lr 3.75e-05 | 9412 tok/s | Φ 0.999 | λ₁ 0.075 | ign 0.64 | mesoLG 0.50 | troph 8/8 μ1.77 | NT[DA=0.25 NE=0.30 5HT=0.56 ACh=0.33 eCB=0.24 Glu=0.72 GABA=0.15] | osc[δ=0.650 θ=0.150 γ=0.200] | em[C2:ρ=0.34/τ=0.68/s=0.64 C4:Q=-13.2 W=768 pl=2 C3:pc=0.246 VBB:β=1.00 σ=0.0195 kl=70.279 C5:lat=1.00 C6:pac=0.03] | gif7[dgn=0.941 lr×1.000] | trunk[budget=0.99 bpp=1.95e-09 erank=505.0 uni=2.12 α=0.44 R²=0.78 PR=3.1]
step   200 | loss 10.5357 | lm 10.3938 | ppl 32654.9 | gnorm 2.162 | lr 4.17e-05 | 9384 tok/s | Φ 0.999 | λ₁ 0.075 | ign 0.64 | mesoLG 0.50 | troph 8/8 μ1.92 | NT[DA=0.26 NE=0.37 5HT=0.57 ACh=0.36 eCB=0.30 Glu=0.77 GABA=0.13] | osc[δ=0.664 θ=0.194 γ=0.142] | em[C2:ρ=0.16/τ=0.69/s=0.64 C4:Q=-1.9 W=724 pl=2 C3:pc=0.264 VBB:β=1.00 σ=0.0198 kl=70.264 C5:lat=1.00 C6:pac=0.03] | gif7[dgn=0.918 lr×1.000] | trunk[budget=0.99 bpp=3.34e-09 erank=503.7 uni=2.07 α=0.45 R²=0.78 PR=3.0]
step   220 | loss 10.4627 | lm 10.3250 | ppl 30485.3 | gnorm 2.203 | lr 4.58e-05 | 9407 tok/s | Φ 0.999 | λ₁ 0.075 | ign 0.64 | mesoLG 0.50 | troph 8/8 μ2.07 | NT[DA=0.29 NE=0.39 5HT=0.59 ACh=0.38 eCB=0.35 Glu=0.81 GABA=0.12] | osc[δ=0.716 θ=0.132 γ=0.152] | em[C2:ρ=0.02/τ=0.66/s=0.64 C4:Q=3.7 W=765 pl=2 C3:pc=0.294 VBB:β=1.00 σ=0.0204 kl=70.237 C5:lat=1.00 C6:pac=0.02] | gif7[dgn=0.915 lr×1.000] | trunk[budget=0.99 bpp=3.80e-09 erank=501.2 uni=2.11 α=0.45 R²=0.77 PR=2.8]
step   240 | loss 10.3434 | lm 10.2094 | ppl 27156.6 | gnorm 2.074 | lr 5.00e-05 | 9387 tok/s | Φ 0.999 | λ₁ 0.075 | ign 0.64 | mesoLG 0.50 | troph 8/8 μ2.24 | NT[DA=0.29 NE=0.45 5HT=0.61 ACh=0.36 eCB=0.39 Glu=0.83 GABA=0.15] | osc[δ=0.668 θ=0.166 γ=0.166] | em[C2:ρ=0.17/τ=0.63/s=0.64 C4:Q=-1.7 W=795 pl=2 C3:pc=0.322 VBB:β=1.00 σ=0.0209 kl=70.211 C5:lat=1.00 C6:pac=0.02] | gif7[dgn=0.924 lr×1.000] | trunk[budget=0.99 bpp=4.27e-09 erank=495.9 uni=1.83 α=0.39 R²=0.67 PR=2.4]
step   260 | loss 10.3344 | lm 10.2063 | ppl 27071.9 | gnorm 1.934 | lr 5.42e-05 | 9429 tok/s | Φ 0.999 | λ₁ 0.075 | ign 0.63 | mesoLG 0.50 | troph 8/8 μ2.43 | NT[DA=0.29 NE=0.29 5HT=0.62 ACh=0.34 eCB=0.43 Glu=0.85 GABA=0.14] | osc[δ=0.673 θ=0.164 γ=0.162] | em[C2:ρ=0.23/τ=0.64/s=0.63 C4:Q=-0.7 W=892 pl=2 C3:pc=0.350 VBB:β=1.00 σ=0.0218 kl=70.171 C5:lat=1.00 C6:pac=0.02] | gif7[dgn=0.933 lr×1.000] | trunk[budget=0.99 bpp=4.73e-09 erank=487.9 uni=1.70 α=0.34 R²=0.55 PR=2.2]
step   280 | loss 10.1971 | lm 10.0719 | ppl 23667.9 | gnorm 2.356 | lr 5.83e-05 | 9385 tok/s | Φ 0.999 | λ₁ 0.075 | ign 0.63 | mesoLG 0.50 | troph 8/8 μ2.59 | NT[DA=0.35 NE=0.35 5HT=0.64 ACh=0.34 eCB=0.42 Glu=0.84 GABA=0.15] | osc[δ=0.689 θ=0.162 γ=0.149] | em[C2:ρ=0.23/τ=0.64/s=0.63 C4:Q=11.3 W=904 pl=2 C3:pc=0.379 VBB:β=1.00 σ=0.0224 kl=70.141 C5:lat=1.00 C6:pac=0.01] | gif7[dgn=0.905 lr×1.000] | trunk[budget=0.99 bpp=6.12e-09 erank=486.2 uni=1.73 α=0.33 R²=0.53 PR=2.1]
step   300 | loss 10.0963 | lm 9.9750 | ppl 21482.6 | gnorm 2.021 | lr 6.25e-05 | 9423 tok/s | Φ 0.999 | λ₁ 0.075 | ign 0.63 | mesoLG 0.51 | troph 8/8 μ2.76 | NT[DA=0.39 NE=0.31 5HT=0.65 ACh=0.34 eCB=0.43 Glu=0.85 GABA=0.14] | osc[δ=0.708 θ=0.148 γ=0.144] | em[C2:ρ=0.12/τ=0.64/s=0.63 C4:Q=6.8 W=872 pl=2 C3:pc=0.403 VBB:β=1.00 σ=0.0235 kl=70.096 C5:lat=1.00 C6:pac=0.03] | gif7[dgn=0.927 lr×1.000] | trunk[budget=0.99 bpp=7.05e-09 erank=484.9 uni=1.76 α=0.35 R²=0.55 PR=2.0]
step   320 | loss 9.9314 | lm 9.8125 | ppl 18260.6 | gnorm 2.617 | lr 6.67e-05 | 9381 tok/s | Φ 0.993 | λ₁ 0.075 | ign 0.64 | mesoLG 0.50 | troph 8/8 μ2.91 | NT[DA=0.41 NE=0.49 5HT=0.67 ACh=0.36 eCB=0.43 Glu=0.84 GABA=0.15] | osc[δ=0.651 θ=0.195 γ=0.154] | em[C2:ρ=0.14/τ=0.62/s=0.64 C4:Q=1.0 W=898 pl=2 C3:pc=0.431 VBB:β=1.00 σ=0.0244 kl=70.056 C5:lat=1.00 C6:pac=0.03] | gif7[dgn=0.886 lr×1.000] | trunk[budget=0.99 bpp=7.05e-09 erank=482.5 uni=1.94 α=0.34 R²=0.51 PR=1.9]
step   340 | loss 9.8839 | lm 9.7719 | ppl 17533.6 | gnorm 2.311 | lr 7.08e-05 | 9417 tok/s | Φ 0.993 | λ₁ 0.075 | ign 0.63 | mesoLG 0.50 | troph 8/8 μ3.12 | NT[DA=0.39 NE=0.35 5HT=0.69 ACh=0.31 eCB=0.45 Glu=0.86 GABA=0.17] | osc[δ=0.689 θ=0.162 γ=0.150] | em[C2:ρ=0.34/τ=0.63/s=0.63 C4:Q=13.0 W=976 pl=2 C3:pc=0.456 VBB:β=1.00 σ=0.0260 kl=69.994 C5:lat=1.00 C6:pac=0.03] | gif7[dgn=0.908 lr×1.000] | trunk[budget=0.99 bpp=7.97e-09 erank=475.8 uni=1.78 α=0.30 R²=0.41 PR=1.7]
step   360 | loss 9.7419 | lm 9.6344 | ppl 15281.1 | gnorm 2.479 | lr 7.50e-05 | 9353 tok/s | Φ 0.993 | λ₁ 0.075 | ign 0.63 | mesoLG 0.51 | troph 8/8 μ3.32 | NT[DA=0.47 NE=0.35 5HT=0.70 ACh=0.30 eCB=0.47 Glu=0.86 GABA=0.18] | osc[δ=0.705 θ=0.167 γ=0.128] | em[C2:ρ=0.38/τ=0.67/s=0.63 C4:Q=-1.6 W=899 pl=2 C3:pc=0.487 VBB:β=1.00 σ=0.0271 kl=69.951 C5:lat=1.00 C6:pac=0.02] | gif7[dgn=0.896 lr×1.000] | trunk[budget=0.99 bpp=8.90e-09 erank=474.2 uni=1.69 α=0.35 R²=0.47 PR=1.7]
step   380 | loss 9.5425 | lm 9.4375 | ppl 12550.3 | gnorm 2.934 | lr 7.92e-05 | 9339 tok/s | Φ 0.987 | λ₁ 0.075 | ign 0.63 | mesoLG 0.50 | troph 8/8 μ3.55 | NT[DA=0.47 NE=0.57 5HT=0.72 ACh=0.30 eCB=0.50 Glu=0.89 GABA=0.22] | osc[δ=0.707 θ=0.170 γ=0.123] | em[C2:ρ=0.31/τ=0.70/s=0.63 C4:Q=-6.1 W=972 pl=2 C3:pc=0.545 VBB:β=1.00 σ=0.0291 kl=69.879 C5:lat=1.00 C6:pac=0.03] | gif7[dgn=0.862 lr×1.000] | trunk[budget=0.99 bpp=1.17e-08 erank=464.0 uni=1.62 α=0.35 R²=0.45 PR=1.5]
step   400 | loss 9.4630 | lm 9.3625 | ppl 11643.5 | gnorm 2.355 | lr 8.33e-05 | 9325 tok/s | Φ 0.987 | λ₁ 0.075 | ign 0.63 | mesoLG 0.50 | troph 8/8 μ3.81 | NT[DA=0.44 NE=0.33 5HT=0.73 ACh=0.36 eCB=0.52 Glu=0.89 GABA=0.13] | osc[δ=0.696 θ=0.161 γ=0.143] | em[C2:ρ=0.06/τ=0.69/s=0.63 C4:Q=-4.1 W=988 pl=2 C3:pc=0.617 VBB:β=1.00 σ=0.0308 kl=69.825 C5:lat=1.00 C6:pac=0.03] | gif7[dgn=0.905 lr×1.000] | trunk[budget=0.99 bpp=1.08e-08 erank=453.4 uni=1.65 α=0.32 R²=0.39 PR=1.4]
step   420 | loss 9.3448 | lm 9.2469 | ppl 10372.1 | gnorm 2.337 | lr 8.75e-05 | 9302 tok/s | Φ 0.982 | λ₁ 0.075 | ign 0.63 | mesoLG 0.50 | troph 8/8 μ4.07 | NT[DA=0.46 NE=0.30 5HT=0.74 ACh=0.38 eCB=0.53 Glu=0.89 GABA=0.11] | osc[δ=0.692 θ=0.156 γ=0.152] | em[C2:ρ=0.00/τ=0.66/s=0.63 C4:Q=2.7 W=969 pl=2 C3:pc=0.626 VBB:β=1.00 σ=0.0334 kl=69.742 C5:lat=1.00 C6:pac=0.03] | gif7[dgn=0.906 lr×1.000] | trunk[budget=0.99 bpp=1.17e-08 erank=442.7 uni=1.78 α=0.32 R²=0.37 PR=1.4]
step   440 | loss 9.1655 | lm 9.0687 | ppl 8679.8 | gnorm 2.437 | lr 9.17e-05 | 9292 tok/s | Φ 0.976 | λ₁ 0.075 | ign 0.62 | mesoLG 0.50 | troph 8/8 μ4.27 | NT[DA=0.47 NE=0.43 5HT=0.75 ACh=0.36 eCB=0.51 Glu=0.88 GABA=0.14] | osc[δ=0.687 θ=0.170 γ=0.143] | em[C2:ρ=0.11/τ=0.62/s=0.62 C4:Q=-4.2 W=1004 pl=2 C3:pc=0.681 VBB:β=1.00 σ=0.0354 kl=69.685 C5:lat=1.00 C6:pac=0.03] | gif7[dgn=0.899 lr×1.000] | trunk[budget=0.99 bpp=1.45e-08 erank=434.0 uni=1.96 α=0.29 R²=0.30 PR=1.3]
step   460 | loss 9.0051 | lm 8.9094 | ppl 7401.0 | gnorm 2.847 | lr 9.58e-05 | 9317 tok/s | Φ 0.970 | λ₁ 0.075 | ign 0.63 | mesoLG 0.50 | troph 8/8 μ4.42 | NT[DA=0.47 NE=0.48 5HT=0.76 ACh=0.29 eCB=0.49 Glu=0.87 GABA=0.23] | osc[δ=0.687 θ=0.147 γ=0.166] | em[C2:ρ=0.42/τ=0.64/s=0.63 C4:Q=-1.3 W=970 pl=2 C3:pc=0.739 VBB:β=1.00 σ=0.0385 kl=69.600 C5:lat=1.00 C6:pac=0.02] | gif7[dgn=0.869 lr×1.000] | trunk[budget=0.99 bpp=1.45e-08 erank=425.8 uni=1.93 α=0.33 R²=0.37 PR=1.3]
step   480 | loss 8.9347 | lm 8.8406 | ppl 6909.3 | gnorm 2.580 | lr 1.00e-04 | 8946 tok/s | Φ 0.964 | λ₁ 0.075 | ign 0.65 | mesoLG 0.50 | troph 8/8 μ4.47 | NT[DA=0.47 NE=0.25 5HT=0.77 ACh=0.24 eCB=0.44 Glu=0.85 GABA=0.25] | osc[δ=0.689 θ=0.130 γ=0.182] | em[C2:ρ=0.59/τ=0.71/s=0.65 C4:Q=5.2 W=1017 pl=2 C3:pc=0.759 VBB:β=1.00 σ=0.0408 kl=69.542 C5:lat=1.00 C6:pac=0.04] | gif7[dgn=0.889 lr×1.000] | trunk[budget=0.99 bpp=1.68e-08 erank=423.9 uni=2.98 α=0.35 R²=0.40 PR=1.3]
[train_dsl] heatmap step 500: heatmaps/vbb-100m/rcc_bowtie_30m_p4.json (max=0.29, hottest=language_model.lm_head)
[train_dsl] heatmap pushed → master
step   500 | loss 8.7255 | lm 8.6312 | ppl 5604.1 | gnorm 2.785 | lr 1.04e-04 | 7526 tok/s | Φ 0.958 | λ₁ 0.075 | ign 0.65 | mesoLG 0.50 | troph 8/8 μ4.57 | NT[DA=0.46 NE=0.49 5HT=0.77 ACh=0.23 eCB=0.42 Glu=0.84 GABA=0.33] | osc[δ=0.573 θ=0.245 γ=0.182] | em[C2:ρ=0.61/τ=0.79/s=0.65 C4:Q=9.9 W=854 pl=2 C3:pc=5.321 VBB:β=1.00 σ=0.0447 kl=69.451 C5:lat=1.00 C6:pac=0.01] | gif7[dgn=0.874 lr×1.000] | trunk[budget=0.99 bpp=1.54e-08 erank=420.1 uni=2.00 α=0.33 R²=0.36 PR=1.3]
[mid-ood] step 500: eval-v2 snapshot...
[eval-v2] corpus 'pg19' failed (skipping): RuntimeError: Dataset scripts are no longer supported, but found pg19.py
[mid-ood] step 500: wikitext ppl=8639.7 gap_ratio=1.54 (train_ppl=5604.1) traindist ppl=6672.9 gap_v2=1.29 (50 seq, 6430 tok)
step   520 | loss 8.6676 | lm 8.5750 | ppl 5297.6 | gnorm 2.427 | lr 1.08e-04 | 6258 tok/s | Φ 0.953 | λ₁ 0.075 | ign 0.65 | mesoLG 0.50 | troph 8/8 μ4.77 | NT[DA=0.43 NE=0.28 5HT=0.77 ACh=0.29 eCB=0.41 Glu=0.83 GABA=0.19] | osc[δ=0.573 θ=0.215 γ=0.212] | em[C2:ρ=0.31/τ=0.84/s=0.65 C4:Q=0.4 W=831 pl=2 C3:pc=1448814664301418.750 VBB:β=1.00 σ=0.0473 kl=69.397 C5:lat=1.00 C6:pac=0.03] | gif7[dgn=0.900 lr×1.000] | trunk[budget=0.99 bpp=1.63e-08 erank=420.8 uni=2.83 α=0.36 R²=0.39 PR=1.3]
step   540 | loss 8.4823 | lm 8.3906 | ppl 4405.6 | gnorm 2.734 | lr 1.13e-04 | 8973 tok/s | Φ 0.941 | λ₁ 0.075 | ign 0.65 | mesoLG 0.51 | troph 8/8 μ5.18 | NT[DA=0.46 NE=0.38 5HT=0.78 ACh=0.37 eCB=0.42 Glu=0.84 GABA=0.12] | osc[δ=0.592 θ=0.187 γ=0.221] | em[C2:ρ=0.08/τ=0.83/s=0.65 C4:Q=-3.6 W=922 pl=2 C3:pc=inf VBB:β=1.00 σ=0.0520 kl=69.303 C5:lat=1.00 C6:pac=0.01] | gif7[dgn=0.877 lr×1.000] | trunk[budget=0.99 bpp=1.68e-08 erank=421.8 uni=2.95 α=0.36 R²=0.40 PR=1.3]
