════════════════════════════════════════════════════════════════
  DSL-driven training loop
  arch=topology-100m (folder: architectures/topology-100m)
  steps=10000 batch=4 seq_len=256 d_sem=384
  ckpt_dir=/workspace/brian/lfs_checkpoints
════════════════════════════════════════════════════════════════

▶ launch attempt 1 @ 20:58:33Z
[train_dsl] boot @ 2026-08-10T20:58:35Z
[train_dsl] git_commit a1adf08b88fefc646392f865bd26857bb97ca5e8 (master)
[train_dsl] arch_dsl_sha256 c69767c942c0779846dba269b7906c362ea6132ac4c0d5eb564bcfe9697ae2fa (/workspace/brian/architectures/topology-100m)
[train_dsl] preset rcc_bowtie_30m_p4: d_model=384 depth=4 heads=6 vocab=50257 lr=0.0003 warmup=300 min_ratio=0.1 wd=0.05
[train_dsl] scale 100m (~~135M (param-matched to control-100m)): d_model=640 depth=8 heads=10 batch=4 ctx=256 grad_accum=4 dist=single
[train_dsl] DSL-LM (full N8 cortex): vocab=50257 d_model=640 depth=8 heads=10 ctx=256
[train_dsl] training config: loss_clip=True(f=3.0), opt=adamw, lr=0.0005, grad_accum=8, label_smooth=0.0, wd=0.01, dropout=0.1, pct_strength=0.0
[train_dsl] GQA: n_kv_heads=10/10  RoPE base=500000
[train_dsl] pred_coding aux weight override -> 0.0
[train_dsl] DSL-LM parameters: total 167.4M  (trainable 167.4M · frozen 0.0M); checkpoint will only save the trainable subset (frozen HF experts excluded via _CKPT_EXTERNAL_PREFIXES)
[train_dsl] TrunkOptMonitor attached (n_trainable=167.4M, pac_sigma=0.02, pac_delta=0.05)
[train_dsl] GIF OOD probe armed
[train_dsl] LR schedule from arch.neuro (preset rcc_bowtie_30m_p4 suppressed): lr=0.0005 wd=0.01 warmup=2400 min_ratio=0.1
[train_dsl] mixed precision: bf16
BRIANHarness:
  vocab_size = 50257
  d_sem      = 640
  parameters = 167,407,382  (trainable 167,407,382 · frozen 0)
  checkpoint = 170,120,043 params ≈ 649.0 MB (fp32) — frozen HF experts excluded
  circuit populations = 0
  sink population = 
  loss clipping = True (factor=3.0)
  optimizer = adamw (lr=0.0005)
[train_dsl] device=cuda, warmup=2400/10000
[train_dsl] ══════════════════════════════════════════════
[train_dsl] PR2 OOD interventions: dar=off pcc=off isotropy=off cmd=off adaptive_mixture=off
[train_dsl] ══════════════════════════════════════════════
[data:text] using FineWeb-Edu-10BT (HuggingFaceFW/fineweb-edu:sample-10BT)
[data:chat] using OpenHermes-2.5 (teknium/OpenHermes-2.5)
[train_dsl] run-heatmap armed: every 500 steps → heatmaps/topology-100m/rcc_bowtie_30m_p4.json
step    20 | loss 10.8406 | lm 10.8406 | ppl 51053.3 | gnorm 0.893 | lr 4.17e-06 | 3068 tok/s | Φ 0.999 | λ₁ 0.075 | ign 0.69 | mesoLG 0.50 | troph 8/8 μ0.88 | NT[DA=0.16 NE=0.21 5HT=0.50 ACh=0.26 eCB=0.10 Glu=0.45 GABA=0.20] | osc[δ=0.315 θ=0.301 γ=0.384] | em[C2:ρ=0.45/τ=0.54/s=0.69 C4:Q=0.5 W=0 pl=159 C3:pc=5.069 C5:lat=1.00 C6:pac=0.00] | gif7[dgn=0.984 lr×1.000] | trunk[budget=1.00 bpp=9.20e-11 erank=475.8 uni=2.69 α=0.59 R²=0.88 PR=15.4]
step    40 | loss 10.8469 | lm 10.8469 | ppl 51373.4 | gnorm 0.988 | lr 8.33e-06 | 4244 tok/s | Φ 0.999 | λ₁ 0.075 | ign 0.74 | mesoLG 0.50 | troph 8/8 μ1.21 | NT[DA=0.15 NE=0.74 5HT=0.50 ACh=0.25 eCB=0.10 Glu=0.46 GABA=0.36] | osc[δ=0.353 θ=0.230 γ=0.417] | em[C2:ρ=0.57/τ=0.60/s=0.74 C4:Q=0.2 W=0 pl=159 C3:pc=2.177 C5:lat=1.00 C6:pac=0.02] | gif7[dgn=0.981 lr×1.000] | trunk[budget=1.00 bpp=9.20e-11 erank=476.6 uni=2.63 α=0.57 R²=0.87 PR=13.5]
step    60 | loss 10.8219 | lm 10.8219 | ppl 50104.9 | gnorm 1.002 | lr 1.25e-05 | 4263 tok/s | Φ 0.999 | λ₁ 0.075 | ign 0.75 | mesoLG 0.50 | troph 8/8 μ1.32 | NT[DA=0.16 NE=0.23 5HT=0.50 ACh=0.26 eCB=0.10 Glu=0.45 GABA=0.21] | osc[δ=0.341 θ=0.342 γ=0.317] | em[C2:ρ=0.45/τ=0.66/s=0.75 C4:Q=0.3 W=1 pl=127 C3:pc=0.927 C5:lat=1.00 C6:pac=0.01] | gif7[dgn=0.980 lr×1.000] | trunk[budget=1.00 bpp=9.20e-11 erank=473.1 uni=2.60 α=0.59 R²=0.89 PR=15.3]
step    80 | loss 10.7906 | lm 10.7906 | ppl 48563.4 | gnorm 1.737 | lr 1.67e-05 | 4231 tok/s | Φ 0.999 | λ₁ 0.075 | ign 0.75 | mesoLG 0.50 | troph 8/8 μ1.36 | NT[DA=0.17 NE=0.43 5HT=0.51 ACh=0.28 eCB=0.10 Glu=0.46 GABA=0.23] | osc[δ=0.375 θ=0.249 γ=0.376] | em[C2:ρ=0.30/τ=0.70/s=0.75 C4:Q=-0.4 W=1 pl=148 C3:pc=0.467 C5:lat=1.00 C6:pac=0.02] | gif7[dgn=0.945 lr×1.000] | trunk[budget=1.00 bpp=5.56e-10 erank=476.2 uni=2.58 α=0.57 R²=0.87 PR=14.2]
step   100 | loss 10.7469 | lm 10.7469 | ppl 46484.5 | gnorm 1.983 | lr 2.08e-05 | 4165 tok/s | Φ 0.999 | λ₁ 0.075 | ign 0.75 | mesoLG 0.50 | troph 8/8 μ1.39 | NT[DA=0.19 NE=0.34 5HT=0.51 ACh=0.30 eCB=0.11 Glu=0.47 GABA=0.19] | osc[δ=0.376 θ=0.311 γ=0.313] | em[C2:ρ=0.12/τ=0.70/s=0.75 C4:Q=0.0 W=1 pl=116 C3:pc=0.305 C5:lat=1.00 C6:pac=0.01] | gif7[dgn=0.930 lr×1.000] | trunk[budget=1.00 bpp=1.48e-09 erank=474.5 uni=2.26 α=0.58 R²=0.86 PR=15.7]
step   120 | loss 10.7562 | lm 10.7562 | ppl 46922.4 | gnorm 0.928 | lr 2.50e-05 | 4226 tok/s | Φ 0.999 | λ₁ 0.075 | ign 0.75 | mesoLG 0.50 | troph 8/8 μ1.40 | NT[DA=0.16 NE=0.20 5HT=0.52 ACh=0.32 eCB=0.11 Glu=0.46 GABA=0.14] | osc[δ=0.376 θ=0.325 γ=0.299] | em[C2:ρ=0.00/τ=0.67/s=0.75 C4:Q=0.1 W=1 pl=116 C3:pc=0.232 C5:lat=1.00 C6:pac=0.01] | gif7[dgn=0.983 lr×1.000] | trunk[budget=1.00 bpp=9.20e-11 erank=475.2 uni=2.65 α=0.59 R²=0.87 PR=16.2]
step   140 | loss 10.7219 | lm 10.7219 | ppl 45336.8 | gnorm 1.105 | lr 2.92e-05 | 4263 tok/s | Φ 0.999 | λ₁ 0.075 | ign 0.74 | mesoLG 0.50 | troph 8/8 μ1.41 | NT[DA=0.18 NE=0.19 5HT=0.52 ACh=0.32 eCB=0.11 Glu=0.48 GABA=0.13] | osc[δ=0.387 θ=0.350 γ=0.263] | em[C2:ρ=0.02/τ=0.63/s=0.74 C4:Q=0.7 W=1 pl=116 C3:pc=0.210 C5:lat=1.00 C6:pac=0.01] | gif7[dgn=0.976 lr×1.000] | trunk[budget=1.00 bpp=1.02e-09 erank=472.0 uni=2.56 α=0.59 R²=0.89 PR=13.7]
step   160 | loss 10.6750 | lm 10.6750 | ppl 43260.7 | gnorm 1.309 | lr 3.33e-05 | 4230 tok/s | Φ 0.999 | λ₁ 0.075 | ign 0.73 | mesoLG 0.50 | troph 8/8 μ1.44 | NT[DA=0.18 NE=0.24 5HT=0.53 ACh=0.31 eCB=0.12 Glu=0.50 GABA=0.15] | osc[δ=0.448 θ=0.310 γ=0.242] | em[C2:ρ=0.08/τ=0.60/s=0.73 C4:Q=0.2 W=1 pl=116 C3:pc=0.207 C5:lat=1.00 C6:pac=0.01] | gif7[dgn=0.967 lr×1.000] | trunk[budget=1.00 bpp=5.56e-10 erank=471.8 uni=2.53 α=0.57 R²=0.88 PR=10.6]
step   180 | loss 10.6062 | lm 10.6062 | ppl 40386.5 | gnorm 1.563 | lr 3.75e-05 | 4272 tok/s | Φ 0.999 | λ₁ 0.075 | ign 0.72 | mesoLG 0.50 | troph 8/8 μ1.50 | NT[DA=0.22 NE=0.28 5HT=0.53 ACh=0.29 eCB=0.14 Glu=0.56 GABA=0.18] | osc[δ=0.504 θ=0.251 γ=0.245] | em[C2:ρ=0.28/τ=0.59/s=0.72 C4:Q=0.0 W=1 pl=143 C3:pc=0.216 C5:lat=1.00 C6:pac=0.01] | gif7[dgn=0.954 lr×1.000] | trunk[budget=1.00 bpp=1.48e-09 erank=467.5 uni=2.47 α=0.56 R²=0.88 PR=8.7]
step   200 | loss 10.5000 | lm 10.5000 | ppl 36315.5 | gnorm 1.615 | lr 4.17e-05 | 4238 tok/s | Φ 0.999 | λ₁ 0.075 | ign 0.74 | mesoLG 0.50 | troph 8/8 μ1.58 | NT[DA=0.21 NE=0.46 5HT=0.55 ACh=0.25 eCB=0.18 Glu=0.63 GABA=0.29] | osc[δ=0.595 θ=0.223 γ=0.182] | em[C2:ρ=0.56/τ=0.64/s=0.74 C4:Q=-0.4 W=1 pl=143 C3:pc=0.227 C5:lat=1.00 C6:pac=0.01] | gif7[dgn=0.952 lr×1.000] | trunk[budget=1.00 bpp=1.95e-09 erank=461.1 uni=2.64 α=0.54 R²=0.89 PR=5.6]
step   220 | loss 10.4844 | lm 10.4844 | ppl 35752.5 | gnorm 1.631 | lr 4.58e-05 | 4300 tok/s | Φ 0.999 | λ₁ 0.075 | ign 0.75 | mesoLG 0.50 | troph 8/8 μ1.71 | NT[DA=0.23 NE=0.30 5HT=0.56 ACh=0.23 eCB=0.24 Glu=0.72 GABA=0.28] | osc[δ=0.662 θ=0.178 γ=0.160] | em[C2:ρ=0.69/τ=0.73/s=0.75 C4:Q=0.3 W=3 pl=73 C3:pc=0.241 C5:lat=1.00 C6:pac=0.01] | gif7[dgn=0.951 lr×1.000] | trunk[budget=1.00 bpp=2.87e-09 erank=457.0 uni=2.30 α=0.50 R²=0.86 PR=4.1]
step   240 | loss 10.0719 | lm 10.0719 | ppl 23667.9 | gnorm 5.116 | lr 5.00e-05 | 4262 tok/s | Φ 0.999 | λ₁ 0.075 | ign 0.75 | mesoLG 0.49 | troph 8/8 μ1.85 | NT[DA=0.37 NE=0.89 5HT=0.60 ACh=0.24 eCB=0.30 Glu=0.78 GABA=0.45] | osc[δ=0.609 θ=0.159 γ=0.232] | em[C2:ρ=0.62/τ=0.81/s=0.75 C4:Q=0.1 W=11 pl=21 C3:pc=0.327 C5:lat=1.00 C6:pac=0.01] | gif7[dgn=0.699 lr×1.000] | trunk[budget=1.00 bpp=5.66e-09 erank=450.1 uni=1.81 α=0.45 R²=0.82 PR=3.0]
step   260 | loss 10.3500 | lm 10.3500 | ppl 31257.0 | gnorm 1.640 | lr 5.42e-05 | 4276 tok/s | Φ 0.999 | λ₁ 0.075 | ign 0.74 | mesoLG 0.50 | troph 8/8 μ2.03 | NT[DA=0.26 NE=0.25 5HT=0.60 ACh=0.26 eCB=0.40 Glu=0.85 GABA=0.22] | osc[δ=0.620 θ=0.169 γ=0.211] | em[C2:ρ=0.44/τ=0.89/s=0.74 C4:Q=-0.4 W=18 pl=14 C3:pc=0.326 C5:lat=1.00 C6:pac=0.01] | gif7[dgn=0.950 lr×1.000] | trunk[budget=1.00 bpp=3.80e-09 erank=440.4 uni=2.83 α=0.40 R²=0.72 PR=2.5]
step   280 | loss 10.2375 | lm 10.2375 | ppl 27931.2 | gnorm 1.886 | lr 5.83e-05 | 4109 tok/s | Φ 0.999 | λ₁ 0.075 | ign 0.74 | mesoLG 0.50 | troph 8/8 μ2.23 | NT[DA=0.28 NE=0.26 5HT=0.61 ACh=0.30 eCB=0.44 Glu=0.86 GABA=0.16] | osc[δ=0.595 θ=0.216 γ=0.189] | em[C2:ρ=0.23/τ=0.91/s=0.74 C4:Q=-0.7 W=23 pl=11 C3:pc=0.340 C5:lat=1.00 C6:pac=0.01] | gif7[dgn=0.936 lr×1.000] | trunk[budget=1.00 bpp=4.73e-09 erank=439.0 uni=1.93 α=0.38 R²=0.69 PR=2.3]
step   300 | loss 9.9781 | lm 9.9781 | ppl 21549.9 | gnorm 2.664 | lr 6.25e-05 | 4087 tok/s | Φ 0.999 | λ₁ 0.075 | ign 0.74 | mesoLG 0.50 | troph 8/8 μ2.37 | NT[DA=0.42 NE=0.41 5HT=0.64 ACh=0.31 eCB=0.41 Glu=0.83 GABA=0.18] | osc[δ=0.579 θ=0.199 γ=0.222] | em[C2:ρ=0.17/τ=0.91/s=0.74 C4:Q=0.8 W=29 pl=8 C3:pc=0.390 C5:lat=1.00 C6:pac=0.03] | gif7[dgn=0.883 lr×1.000] | trunk[budget=1.00 bpp=6.12e-09 erank=437.1 uni=1.92 α=0.39 R²=0.69 PR=2.2]
step   320 | loss 10.0750 | lm 10.0750 | ppl 23742.0 | gnorm 1.936 | lr 6.67e-05 | 4039 tok/s | Φ 0.999 | λ₁ 0.075 | ign 0.74 | mesoLG 0.50 | troph 8/8 μ2.61 | NT[DA=0.31 NE=0.26 5HT=0.65 ACh=0.35 eCB=0.45 Glu=0.86 GABA=0.12] | osc[δ=0.576 θ=0.219 γ=0.205] | em[C2:ρ=0.00/τ=0.88/s=0.74 C4:Q=-0.6 W=34 pl=7 C3:pc=0.404 C5:lat=1.00 C6:pac=0.01] | gif7[dgn=0.933 lr×1.000] | trunk[budget=1.00 bpp=6.12e-09 erank=434.6 uni=2.19 α=0.36 R²=0.62 PR=2.1]
step   340 | loss 9.9406 | lm 9.9406 | ppl 20756.7 | gnorm 2.384 | lr 7.08e-05 | 4175 tok/s | Φ 0.993 | λ₁ 0.075 | ign 0.74 | mesoLG 0.50 | troph 8/8 μ2.84 | NT[DA=0.34 NE=0.31 5HT=0.66 ACh=0.35 eCB=0.47 Glu=0.87 GABA=0.13] | osc[δ=0.621 θ=0.201 γ=0.178] | em[C2:ρ=0.00/τ=0.84/s=0.74 C4:Q=0.0 W=40 pl=6 C3:pc=0.427 C5:lat=1.00 C6:pac=0.02] | gif7[dgn=0.903 lr×1.000] | trunk[budget=1.00 bpp=6.58e-09 erank=431.8 uni=2.31 α=0.34 R²=0.57 PR=1.9]
step   360 | loss 9.8375 | lm 9.8375 | ppl 18722.9 | gnorm 2.134 | lr 7.50e-05 | 4111 tok/s | Φ 0.993 | λ₁ 0.075 | ign 0.74 | mesoLG 0.51 | troph 8/8 μ3.07 | NT[DA=0.41 NE=0.26 5HT=0.67 ACh=0.35 eCB=0.47 Glu=0.86 GABA=0.12] | osc[δ=0.686 θ=0.179 γ=0.135] | em[C2:ρ=0.00/τ=0.80/s=0.74 C4:Q=1.1 W=31 pl=8 C3:pc=0.449 C5:lat=1.00 C6:pac=0.01] | gif7[dgn=0.920 lr×1.000] | trunk[budget=1.00 bpp=6.58e-09 erank=438.5 uni=2.68 α=0.44 R²=0.69 PR=2.3]
step   380 | loss 9.6500 | lm 9.6500 | ppl 15521.8 | gnorm 2.475 | lr 7.92e-05 | 4135 tok/s | Φ 0.993 | λ₁ 0.075 | ign 0.74 | mesoLG 0.50 | troph 8/8 μ3.31 | NT[DA=0.38 NE=0.39 5HT=0.69 ACh=0.33 eCB=0.49 Glu=0.88 GABA=0.16] | osc[δ=0.606 θ=0.211 γ=0.182] | em[C2:ρ=0.09/τ=0.76/s=0.74 C4:Q=1.2 W=45 pl=6 C3:pc=0.482 C5:lat=1.00 C6:pac=0.03] | gif7[dgn=0.896 lr×1.000] | trunk[budget=1.00 bpp=7.97e-09 erank=426.5 uni=2.92 α=0.38 R²=0.59 PR=1.8]
step   400 | loss 9.4594 | lm 9.4594 | ppl 12827.9 | gnorm 2.615 | lr 8.33e-05 | 4112 tok/s | Φ 0.993 | λ₁ 0.075 | ign 0.76 | mesoLG 0.50 | troph 8/8 μ3.53 | NT[DA=0.46 NE=0.40 5HT=0.71 ACh=0.28 eCB=0.49 Glu=0.88 GABA=0.22] | osc[δ=0.606 θ=0.199 γ=0.195] | em[C2:ρ=0.33/τ=0.77/s=0.76 C4:Q=0.7 W=40 pl=9 C3:pc=0.516 C5:lat=1.00 C6:pac=0.01] | gif7[dgn=0.886 lr×1.000] | trunk[budget=1.00 bpp=1.08e-08 erank=421.2 uni=2.91 α=0.39 R²=0.56 PR=1.8]
step   420 | loss 9.3844 | lm 9.3844 | ppl 11901.0 | gnorm 2.398 | lr 8.75e-05 | 4116 tok/s | Φ 0.987 | λ₁ 0.075 | ign 0.74 | mesoLG 0.50 | troph 8/8 μ3.93 | NT[DA=0.39 NE=0.34 5HT=0.73 ACh=0.24 eCB=0.56 Glu=0.91 GABA=0.28] | osc[δ=0.569 θ=0.218 γ=0.212] | em[C2:ρ=0.55/τ=0.81/s=0.74 C4:Q=1.8 W=87 pl=2 C3:pc=0.561 C5:lat=1.00 C6:pac=0.01] | gif7[dgn=0.902 lr×1.000] | trunk[budget=1.00 bpp=9.83e-09 erank=408.3 uni=2.41 α=0.32 R²=0.43 PR=1.5]
step   440 | loss 9.1344 | lm 9.1344 | ppl 9268.5 | gnorm 2.973 | lr 9.17e-05 | 4121 tok/s | Φ 0.987 | λ₁ 0.075 | ign 0.73 | mesoLG 0.49 | troph 8/8 μ4.26 | NT[DA=0.42 NE=0.71 5HT=0.74 ACh=0.22 eCB=0.53 Glu=0.90 GABA=0.40] | osc[δ=0.565 θ=0.249 γ=0.186] | em[C2:ρ=0.58/τ=0.89/s=0.73 C4:Q=-1.9 W=88 pl=2 C3:pc=0.697 C5:lat=1.00 C6:pac=0.01] | gif7[dgn=0.860 lr×1.000] | trunk[budget=1.00 bpp=1.08e-08 erank=401.3 uni=3.36 α=0.30 R²=0.38 PR=1.4]
step   460 | loss 9.2906 | lm 9.2906 | ppl 10836.0 | gnorm 2.086 | lr 9.58e-05 | 4151 tok/s | Φ 0.982 | λ₁ 0.075 | ign 0.72 | mesoLG 0.50 | troph 8/8 μ4.87 | NT[DA=0.40 NE=0.19 5HT=0.74 ACh=0.24 eCB=0.57 Glu=0.91 GABA=0.22] | osc[δ=0.644 θ=0.196 γ=0.160] | em[C2:ρ=0.42/τ=0.95/s=0.72 C4:Q=-2.2 W=104 pl=2 C3:pc=0.714 C5:lat=1.00 C6:pac=0.01] | gif7[dgn=0.923 lr×1.000] | trunk[budget=1.00 bpp=1.21e-08 erank=390.2 uni=2.50 α=0.29 R²=0.35 PR=1.4]
step   480 | loss 8.8938 | lm 8.8938 | ppl 7286.3 | gnorm 4.717 | lr 1.00e-04 | 4110 tok/s | Φ 0.976 | λ₁ 0.075 | ign 0.72 | mesoLG 0.49 | troph 8/8 μ5.01 | NT[DA=0.55 NE=0.41 5HT=0.76 ACh=0.30 eCB=0.46 Glu=0.85 GABA=0.20] | osc[δ=0.539 θ=0.265 γ=0.196] | em[C2:ρ=0.23/τ=0.98/s=0.72 C4:Q=-0.9 W=103 pl=2 C3:pc=1.023 C5:lat=1.00 C6:pac=0.01] | gif7[dgn=0.727 lr×1.000] | trunk[budget=1.00 bpp=1.86e-08 erank=386.9 uni=2.76 α=0.30 R²=0.36 PR=1.3]
[train_dsl] heatmap step 500: heatmaps/topology-100m/rcc_bowtie_30m_p4.json (max=0.31, hottest=language_model.lm_head)
[train_dsl] heatmap pushed → master
step   500 | loss 8.6859 | lm 8.6859 | ppl 5919.1 | gnorm 4.869 | lr 1.04e-04 | 2781 tok/s | Φ 0.970 | λ₁ 0.075 | ign 0.71 | mesoLG 0.50 | troph 8/8 μ5.30 | NT[DA=0.42 NE=0.68 5HT=0.77 ACh=0.31 eCB=0.46 Glu=0.87 GABA=0.25] | osc[δ=0.466 θ=0.215 γ=0.319] | em[C2:ρ=0.30/τ=0.99/s=0.71 C4:Q=0.2 W=100 pl=2 C3:pc=131186076.400 C5:lat=1.00 C6:pac=0.01] | gif7[dgn=0.716 lr×1.000] | trunk[budget=1.00 bpp=1.26e-08 erank=379.7 uni=2.35 α=0.38 R²=0.47 PR=1.3]
[mid-ood] step 500: eval-v2 snapshot...
[eval-v2] corpus 'pg19' failed (skipping): RuntimeError: Dataset scripts are no longer supported, but found pg19.py
[mid-ood] step 500: wikitext ppl=10441.9 gap_ratio=1.76 (train_ppl=5919.1) traindist ppl=7996.9 gap_v2=1.31 (50 seq, 6430 tok)
step   520 | loss 8.9031 | lm 8.9031 | ppl 7354.9 | gnorm 2.190 | lr 1.08e-04 | 1521 tok/s | Φ 0.970 | λ₁ 0.075 | ign 0.71 | mesoLG 0.50 | troph 8/8 μ5.72 | NT[DA=0.39 NE=0.18 5HT=0.76 ACh=0.32 eCB=0.48 Glu=0.88 GABA=0.13] | osc[δ=0.550 θ=0.174 γ=0.276] | em[C2:ρ=0.20/τ=0.99/s=0.71 C4:Q=0.4 W=106 pl=2 C3:pc=9199078333622246792123908096.000 C5:lat=1.00 C6:pac=0.02] | gif7[dgn=0.916 lr×1.000] | trunk[budget=1.00 bpp=1.45e-08 erank=376.1 uni=2.62 α=0.30 R²=0.36 PR=1.3]
step   540 | loss 8.5859 | lm 8.5859 | ppl 5355.8 | gnorm 2.272 | lr 1.13e-04 | 4143 tok/s | Φ 0.964 | λ₁ 0.075 | ign 0.69 | mesoLG 0.50 | troph 8/8 μ6.07 | NT[DA=0.42 NE=0.27 5HT=0.76 ACh=0.31 eCB=0.45 Glu=0.86 GABA=0.17] | osc[δ=0.547 θ=0.201 γ=0.252] | em[C2:ρ=0.28/τ=1.00/s=0.69 C4:Q=1.3 W=105 pl=2 C3:pc=inf C5:lat=1.00 C6:pac=0.02] | gif7[dgn=0.910 lr×1.000] | trunk[budget=1.00 bpp=1.77e-08 erank=372.5 uni=3.23 α=0.35 R²=0.43 PR=1.3]
step   560 | loss 8.5734 | lm 8.5734 | ppl 5289.3 | gnorm 3.124 | lr 1.17e-04 | 4101 tok/s | Φ 0.958 | λ₁ 0.075 | ign 0.69 | mesoLG 0.50 | troph 8/8 μ6.34 | NT[DA=0.46 NE=0.19 5HT=0.76 ACh=0.32 eCB=0.39 Glu=0.81 GABA=0.13] | osc[δ=0.576 θ=0.166 γ=0.258] | em[C2:ρ=0.19/τ=1.00/s=0.69 C4:Q=-3.8 W=99 pl=2 C3:pc=nan C5:lat=1.00 C6:pac=0.01] | gif7[dgn=0.848 lr×1.000] | trunk[budget=1.00 bpp=2.05e-08 erank=372.7 uni=2.70 α=0.38 R²=0.45 PR=1.3]
step   580 | loss 8.6188 | lm 8.6188 | ppl 5534.5 | gnorm 2.146 | lr 1.21e-04 | 4180 tok/s | Φ 0.947 | λ₁ 0.075 | ign 0.69 | mesoLG 0.49 | troph 8/8 μ6.69 | NT[DA=0.28 NE=0.18 5HT=0.76 ACh=0.36 eCB=0.39 Glu=0.83 GABA=0.10] | osc[δ=0.584 θ=0.141 γ=0.275] | em[C2:ρ=0.08/τ=0.98/s=0.69 C4:Q=4.3 W=97 pl=3 C3:pc=nan C5:lat=1.00 C6:pac=0.01] | gif7[dgn=0.919 lr×1.000] | trunk[budget=1.00 bpp=1.40e-08 erank=374.8 uni=3.40 α=0.38 R²=0.48 PR=1.3]
step   600 | loss 8.2141 | lm 8.2141 | ppl 3692.5 | gnorm 4.898 | lr 1.25e-04 | 4188 tok/s | Φ 0.941 | λ₁ 0.075 | ign 0.69 | mesoLG 0.47 | troph 8/8 μ6.70 | NT[DA=0.45 NE=0.26 5HT=0.76 ACh=0.37 eCB=0.30 Glu=0.75 GABA=0.10] | osc[δ=0.516 θ=0.193 γ=0.292] | em[C2:ρ=0.02/τ=0.95/s=0.69 C4:Q=-0.7 W=113 pl=2 C3:pc=nan C5:lat=1.00 C6:pac=0.02] | gif7[dgn=0.714 lr×1.000] | trunk[budget=1.00 bpp=1.72e-08 erank=376.7 uni=2.30 α=0.30 R²=0.33 PR=1.3]
step   620 | loss 7.9656 | lm 7.9656 | ppl 2880.2 | gnorm 4.764 | lr 1.29e-04 | 4222 tok/s | Φ 0.930 | λ₁ 0.075 | ign 0.69 | mesoLG 0.47 | troph 8/8 μ6.60 | NT[DA=0.42 NE=0.62 5HT=0.77 ACh=0.36 eCB=0.26 Glu=0.73 GABA=0.17] | osc[δ=0.449 θ=0.237 γ=0.314] | em[C2:ρ=0.11/τ=0.92/s=0.69 C4:Q=-2.5 W=110 pl=2 C3:pc=nan C5:lat=1.00 C6:pac=0.01] | gif7[dgn=0.724 lr×1.000] | trunk[budget=1.00 bpp=2.00e-08 erank=377.1 uni=1.92 α=0.29 R²=0.32 PR=1.3]
step   640 | loss 8.2344 | lm 8.2344 | ppl 3768.3 | gnorm 2.013 | lr 1.33e-04 | 4222 tok/s | Φ 0.924 | λ₁ 0.075 | ign 0.68 | mesoLG 0.49 | troph 8/8 μ7.02 | NT[DA=0.39 NE=0.12 5HT=0.76 ACh=0.30 eCB=0.31 Glu=0.77 GABA=0.13] | osc[δ=0.483 θ=0.251 γ=0.267] | em[C2:ρ=0.22/τ=0.92/s=0.68 C4:Q=1.6 W=112 pl=2 C3:pc=nan C5:lat=1.00 C6:pac=0.02] | gif7[dgn=0.928 lr×1.000] | trunk[budget=1.00 bpp=2.26e-08 erank=376.8 uni=3.52 α=0.32 R²=0.37 PR=1.3]
step   660 | loss 8.0000 | lm 8.0000 | ppl 2981.0 | gnorm 2.019 | lr 1.38e-04 | 4276 tok/s | Φ 0.912 | λ₁ 0.075 | ign 0.68 | mesoLG 0.49 | troph 8/8 μ7.40 | NT[DA=0.44 NE=0.12 5HT=0.76 ACh=0.30 eCB=0.31 Glu=0.76 GABA=0.13] | osc[δ=0.471 θ=0.238 γ=0.292] | em[C2:ρ=0.22/τ=0.93/s=0.68 C4:Q=0.9 W=107 pl=2 C3:pc=nan C5:lat=1.00 C6:pac=0.02] | gif7[dgn=0.927 lr×1.000] | trunk[budget=1.00 bpp=3.12e-08 erank=375.7 uni=3.66 α=0.38 R²=0.43 PR=1.3]
step   680 | loss 7.8891 | lm 7.8891 | ppl 2667.9 | gnorm 1.978 | lr 1.42e-04 | 4264 tok/s | Φ 0.901 | λ₁ 0.075 | ign 0.68 | mesoLG 0.49 | troph 8/8 μ7.72 | NT[DA=0.36 NE=0.14 5HT=0.75 ACh=0.32 eCB=0.31 Glu=0.77 GABA=0.12] | osc[δ=0.493 θ=0.266 γ=0.241] | em[C2:ρ=0.16/τ=0.92/s=0.68 C4:Q=-2.9 W=111 pl=2 C3:pc=nan C5:lat=1.00 C6:pac=0.02] | gif7[dgn=0.930 lr×1.000] | trunk[budget=1.00 bpp=2.19e-08 erank=377.4 uni=2.20 α=0.30 R²=0.33 PR=1.2]
step   700 | loss 7.8875 | lm 7.8875 | ppl 2663.8 | gnorm 2.033 | lr 1.46e-04 | 4283 tok/s | Φ 0.883 | λ₁ 0.075 | ign 0.68 | mesoLG 0.51 | troph 8/8 μ7.88 | NT[DA=0.44 NE=0.12 5HT=0.75 ACh=0.39 eCB=0.28 Glu=0.72 GABA=0.07] | osc[δ=0.458 θ=0.265 γ=0.277] | em[C2:ρ=0.00/τ=0.89/s=0.68 C4:Q=-1.0 W=78 pl=6 C3:pc=nan C5:lat=1.00 C6:pac=0.01] | gif7[dgn=0.926 lr×1.000] | trunk[budget=1.00 bpp=2.49e-08 erank=375.4 uni=2.66 α=0.38 R²=0.43 PR=1.3]
step   720 | loss 7.6000 | lm 7.6000 | ppl 1998.2 | gnorm 1.955 | lr 1.50e-04 | 4236 tok/s | Φ 0.866 | λ₁ 0.075 | ign 0.68 | mesoLG 0.50 | troph 8/8 μ7.91 | NT[DA=0.35 NE=0.47 5HT=0.75 ACh=0.36 eCB=0.25 Glu=0.71 GABA=0.14] | osc[δ=0.462 θ=0.257 γ=0.281] | em[C2:ρ=0.11/τ=0.86/s=0.68 C4:Q=1.2 W=94 pl=2 C3:pc=nan C5:lat=1.00 C6:pac=0.02] | gif7[dgn=0.931 lr×1.000] | trunk[budget=1.00 bpp=2.17e-08 erank=379.5 uni=3.35 α=0.32 R²=0.36 PR=1.3]
step   740 | loss 7.6797 | lm 7.6797 | ppl 2163.9 | gnorm 1.709 | lr 1.54e-04 | 4281 tok/s | Φ 0.866 | λ₁ 0.075 | ign 0.67 | mesoLG 0.52 | troph 8/8 μ7.78 | NT[DA=0.40 NE=0.09 5HT=0.74 ACh=0.31 eCB=0.21 Glu=0.65 GABA=0.11] | osc[δ=0.471 θ=0.247 γ=0.282] | em[C2:ρ=0.16/τ=0.85/s=0.67 C4:Q=-1.0 W=87 pl=4 C3:pc=nan C5:lat=1.00 C6:pac=0.01] | gif7[dgn=0.946 lr×1.000] | trunk[budget=1.00 bpp=2.17e-08 erank=376.7 uni=2.77 α=0.40 R²=0.45 PR=1.4]
step   760 | loss 7.3844 | lm 7.3844 | ppl 1610.6 | gnorm 2.406 | lr 1.58e-04 | 4256 tok/s | Φ 0.855 | λ₁ 0.075 | ign 0.67 | mesoLG 0.47 | troph 8/8 μ7.45 | NT[DA=0.40 NE=0.16 5HT=0.75 ACh=0.31 eCB=0.16 Glu=0.56 GABA=0.13] | osc[δ=0.423 θ=0.270 γ=0.307] | em[C2:ρ=0.16/τ=0.84/s=0.67 C4:Q=1.2 W=79 pl=3 C3:pc=nan C5:lat=1.00 C6:pac=0.01] | gif7[dgn=0.901 lr×1.000] | trunk[budget=1.00 bpp=2.84e-08 erank=372.3 uni=2.29 α=0.40 R²=0.46 PR=1.4]
