════════════════════════════════════════════════════════════════
  DSL-driven training loop
  arch=topology-100m (folder: architectures/topology-100m)
  steps=10000 batch=4 seq_len=256 d_sem=384
  ckpt_dir=/workspace/brian/lfs_checkpoints
════════════════════════════════════════════════════════════════

▶ launch attempt 1 @ 21:26:35Z
[train_dsl] boot @ 2026-08-10T21:26:36Z
[train_dsl] git_commit 90b0aafb26ae89d69f7dfb633fe622420313c8ad (master)
[train_dsl] arch_dsl_sha256 c69767c942c0779846dba269b7906c362ea6132ac4c0d5eb564bcfe9697ae2fa (/workspace/brian/architectures/topology-100m)
[train_dsl] preset rcc_bowtie_30m_p4: d_model=384 depth=4 heads=6 vocab=50257 lr=0.0003 warmup=300 min_ratio=0.1 wd=0.05
[train_dsl] scale 100m (~~135M (param-matched to control-100m)): d_model=640 depth=8 heads=10 batch=4 ctx=256 grad_accum=4 dist=single
[train_dsl] DSL-LM (full N8 cortex): vocab=50257 d_model=640 depth=8 heads=10 ctx=256
[train_dsl] training config: loss_clip=True(f=3.0), opt=adamw, lr=0.0005, grad_accum=8, label_smooth=0.0, wd=0.01, dropout=0.1, pct_strength=0.0
[train_dsl] GQA: n_kv_heads=10/10  RoPE base=500000
[train_dsl] pred_coding aux weight override -> 0.0
[train_dsl] DSL-LM parameters: total 135.2M  (trainable 135.2M · frozen 0.0M); checkpoint will only save the trainable subset (frozen HF experts excluded via _CKPT_EXTERNAL_PREFIXES)
[train_dsl] TrunkOptMonitor attached (n_trainable=135.2M, pac_sigma=0.02, pac_delta=0.05)
[train_dsl] GIF OOD probe armed
[train_dsl] LR schedule from arch.neuro (preset rcc_bowtie_30m_p4 suppressed): lr=0.0005 wd=0.01 warmup=2400 min_ratio=0.1
[train_dsl] mixed precision: bf16
BRIANHarness:
  vocab_size = 50257
  d_sem      = 640
  parameters = 135,242,902  (trainable 135,242,902 · frozen 0)
  checkpoint = 137,955,563 params ≈ 526.3 MB (fp32) — frozen HF experts excluded
  circuit populations = 0
  sink population = 
  loss clipping = True (factor=3.0)
  optimizer = adamw (lr=0.0005)
[train_dsl] device=cuda, warmup=2400/10000
[train_dsl] ══════════════════════════════════════════════
[train_dsl] PR2 OOD interventions: dar=off pcc=off isotropy=off cmd=off adaptive_mixture=off
[train_dsl] ══════════════════════════════════════════════
[data:text] using FineWeb-Edu-10BT (HuggingFaceFW/fineweb-edu:sample-10BT)
[data:chat] using OpenHermes-2.5 (teknium/OpenHermes-2.5)
[train_dsl] run-heatmap armed: every 500 steps → heatmaps/topology-100m/rcc_bowtie_30m_p4.json
step    20 | loss 10.8436 | lm 10.8438 | ppl 51213.1 | gnorm 0.881 | lr 4.17e-06 | 2720 tok/s | Φ 0.999 | λ₁ 0.075 | ign 0.65 | mesoLG 0.50 | troph 8/8 μ0.88 | NT[DA=0.16 NE=0.20 5HT=0.50 ACh=0.25 eCB=0.10 Glu=0.44 GABA=0.21] | osc[δ=0.184 θ=0.501 γ=0.314] | em[C2:ρ=0.45/τ=0.55/s=0.65 C4:Q=0.6 W=45 pl=5 C3:pc=5.125 C5:lat=1.00 C6:pac=0.00] | gif7[dgn=0.985 lr×1.000] | trunk[budget=1.00 bpp=9.20e-11 erank=478.4 uni=2.76 α=0.59 R²=0.93 PR=16.5]
step    40 | loss 10.8374 | lm 10.8375 | ppl 50894.0 | gnorm 0.981 | lr 8.33e-06 | 3535 tok/s | Φ 0.999 | λ₁ 0.075 | ign 0.73 | mesoLG 0.50 | troph 8/8 μ1.20 | NT[DA=0.15 NE=0.73 5HT=0.50 ACh=0.26 eCB=0.10 Glu=0.45 GABA=0.34] | osc[δ=0.393 θ=0.272 γ=0.335] | em[C2:ρ=0.47/τ=0.59/s=0.73 C4:Q=-0.5 W=36 pl=7 C3:pc=2.192 C5:lat=1.00 C6:pac=0.04] | gif7[dgn=0.981 lr×1.000] | trunk[budget=1.00 bpp=0.00e+00 erank=476.4 uni=2.74 α=0.58 R²=0.93 PR=14.2]
step    60 | loss 10.8124 | lm 10.8125 | ppl 49637.4 | gnorm 0.981 | lr 1.25e-05 | 3676 tok/s | Φ 0.999 | λ₁ 0.075 | ign 0.72 | mesoLG 0.50 | troph 8/8 μ1.31 | NT[DA=0.16 NE=0.23 5HT=0.50 ACh=0.26 eCB=0.10 Glu=0.44 GABA=0.21] | osc[δ=0.351 θ=0.352 γ=0.297] | em[C2:ρ=0.42/τ=0.65/s=0.72 C4:Q=-0.7 W=47 pl=5 C3:pc=0.931 C5:lat=1.00 C6:pac=0.01] | gif7[dgn=0.981 lr×1.000] | trunk[budget=1.00 bpp=9.20e-11 erank=478.5 uni=2.65 α=0.58 R²=0.94 PR=17.1]
step    80 | loss 10.7749 | lm 10.7750 | ppl 47810.5 | gnorm 1.705 | lr 1.67e-05 | 3500 tok/s | Φ 0.999 | λ₁ 0.075 | ign 0.72 | mesoLG 0.50 | troph 8/8 μ1.36 | NT[DA=0.17 NE=0.42 5HT=0.51 ACh=0.28 eCB=0.10 Glu=0.45 GABA=0.22] | osc[δ=0.331 θ=0.337 γ=0.332] | em[C2:ρ=0.25/τ=0.67/s=0.72 C4:Q=-1.1 W=63 pl=4 C3:pc=0.470 C5:lat=1.00 C6:pac=0.01] | gif7[dgn=0.947 lr×1.000] | trunk[budget=1.00 bpp=1.48e-09 erank=477.1 uni=2.50 α=0.57 R²=0.92 PR=13.8]
step   100 | loss 10.7249 | lm 10.7250 | ppl 45478.7 | gnorm 1.980 | lr 2.08e-05 | 3697 tok/s | Φ 0.999 | λ₁ 0.075 | ign 0.71 | mesoLG 0.50 | troph 8/8 μ1.38 | NT[DA=0.19 NE=0.34 5HT=0.51 ACh=0.29 eCB=0.10 Glu=0.46 GABA=0.19] | osc[δ=0.409 θ=0.287 γ=0.304] | em[C2:ρ=0.17/τ=0.68/s=0.71 C4:Q=-0.3 W=59 pl=5 C3:pc=0.308 C5:lat=1.00 C6:pac=0.01] | gif7[dgn=0.930 lr×1.000] | trunk[budget=1.00 bpp=1.48e-09 erank=477.1 uni=2.28 α=0.58 R²=0.91 PR=16.1]
step   120 | loss 10.7561 | lm 10.7562 | ppl 46922.4 | gnorm 0.931 | lr 2.50e-05 | 3632 tok/s | Φ 0.999 | λ₁ 0.075 | ign 0.71 | mesoLG 0.50 | troph 8/8 μ1.39 | NT[DA=0.16 NE=0.20 5HT=0.52 ACh=0.32 eCB=0.10 Glu=0.46 GABA=0.14] | osc[δ=0.361 θ=0.321 γ=0.318] | em[C2:ρ=0.02/τ=0.65/s=0.71 C4:Q=-0.9 W=40 pl=6 C3:pc=0.234 C5:lat=1.00 C6:pac=0.01] | gif7[dgn=0.983 lr×1.000] | trunk[budget=1.00 bpp=9.20e-11 erank=477.4 uni=2.60 α=0.58 R²=0.93 PR=16.1]
step   140 | loss 10.7249 | lm 10.7250 | ppl 45478.7 | gnorm 1.083 | lr 2.92e-05 | 3597 tok/s | Φ 0.999 | λ₁ 0.075 | ign 0.71 | mesoLG 0.50 | troph 8/8 μ1.41 | NT[DA=0.17 NE=0.19 5HT=0.52 ACh=0.32 eCB=0.11 Glu=0.47 GABA=0.13] | osc[δ=0.335 θ=0.356 γ=0.309] | em[C2:ρ=0.02/τ=0.61/s=0.71 C4:Q=-0.9 W=39 pl=6 C3:pc=0.212 C5:lat=1.00 C6:pac=0.02] | gif7[dgn=0.977 lr×1.000] | trunk[budget=1.00 bpp=1.02e-09 erank=476.8 uni=2.61 α=0.58 R²=0.93 PR=15.5]
step   160 | loss 10.6811 | lm 10.6813 | ppl 43531.9 | gnorm 1.244 | lr 3.33e-05 | 3525 tok/s | Φ 0.999 | λ₁ 0.075 | ign 0.69 | mesoLG 0.50 | troph 8/8 μ1.44 | NT[DA=0.18 NE=0.23 5HT=0.53 ACh=0.31 eCB=0.12 Glu=0.49 GABA=0.15] | osc[δ=0.430 θ=0.327 γ=0.243] | em[C2:ρ=0.06/τ=0.58/s=0.69 C4:Q=-0.3 W=47 pl=5 C3:pc=0.210 C5:lat=1.00 C6:pac=0.01] | gif7[dgn=0.970 lr×1.000] | trunk[budget=1.00 bpp=5.56e-10 erank=474.3 uni=2.61 α=0.57 R²=0.92 PR=11.6]
step   180 | loss 10.5999 | lm 10.6000 | ppl 40134.8 | gnorm 1.512 | lr 3.75e-05 | 3671 tok/s | Φ 0.999 | λ₁ 0.075 | ign 0.67 | mesoLG 0.51 | troph 8/8 μ1.49 | NT[DA=0.24 NE=0.27 5HT=0.53 ACh=0.30 eCB=0.14 Glu=0.55 GABA=0.17] | osc[δ=0.496 θ=0.267 γ=0.237] | em[C2:ρ=0.19/τ=0.56/s=0.67 C4:Q=3.1 W=54 pl=4 C3:pc=0.221 C5:lat=1.00 C6:pac=0.01] | gif7[dgn=0.957 lr×1.000] | trunk[budget=1.00 bpp=1.48e-09 erank=469.2 uni=2.59 α=0.55 R²=0.90 PR=9.0]
step   200 | loss 10.5030 | lm 10.5031 | ppl 36429.2 | gnorm 1.569 | lr 4.17e-05 | 3553 tok/s | Φ 0.999 | λ₁ 0.075 | ign 0.70 | mesoLG 0.50 | troph 8/8 μ1.58 | NT[DA=0.20 NE=0.46 5HT=0.55 ACh=0.26 eCB=0.17 Glu=0.61 GABA=0.27] | osc[δ=0.576 θ=0.254 γ=0.169] | em[C2:ρ=0.48/τ=0.59/s=0.70 C4:Q=-1.7 W=57 pl=4 C3:pc=0.232 C5:lat=1.00 C6:pac=0.00] | gif7[dgn=0.954 lr×1.000] | trunk[budget=1.00 bpp=1.95e-09 erank=467.1 uni=2.64 α=0.54 R²=0.91 PR=6.5]
step   220 | loss 10.4842 | lm 10.4844 | ppl 35752.5 | gnorm 1.598 | lr 4.58e-05 | 3585 tok/s | Φ 0.999 | λ₁ 0.075 | ign 0.70 | mesoLG 0.50 | troph 8/8 μ1.70 | NT[DA=0.22 NE=0.29 5HT=0.56 ACh=0.23 eCB=0.23 Glu=0.70 GABA=0.26] | osc[δ=0.663 θ=0.189 γ=0.148] | em[C2:ρ=0.59/τ=0.67/s=0.70 C4:Q=0.5 W=58 pl=4 C3:pc=0.248 C5:lat=1.00 C6:pac=0.01] | gif7[dgn=0.953 lr×1.000] | trunk[budget=1.00 bpp=2.41e-09 erank=462.2 uni=2.39 α=0.51 R²=0.88 PR=4.7]
step   240 | loss 10.0624 | lm 10.0625 | ppl 23447.1 | gnorm 5.186 | lr 5.00e-05 | 3571 tok/s | Φ 0.999 | λ₁ 0.075 | ign 0.72 | mesoLG 0.49 | troph 8/8 μ1.87 | NT[DA=0.37 NE=0.90 5HT=0.60 ACh=0.24 eCB=0.32 Glu=0.79 GABA=0.46] | osc[δ=0.634 θ=0.147 γ=0.219] | em[C2:ρ=0.61/τ=0.74/s=0.72 C4:Q=2.8 W=87 pl=2 C3:pc=0.336 C5:lat=1.00 C6:pac=0.01] | gif7[dgn=0.694 lr×1.000] | trunk[budget=1.00 bpp=5.66e-09 erank=451.3 uni=1.98 α=0.43 R²=0.80 PR=3.1]
step   260 | loss 10.3592 | lm 10.3594 | ppl 31551.5 | gnorm 1.616 | lr 5.42e-05 | 3576 tok/s | Φ 0.999 | λ₁ 0.075 | ign 0.71 | mesoLG 0.50 | troph 8/8 μ2.04 | NT[DA=0.26 NE=0.25 5HT=0.60 ACh=0.24 eCB=0.39 Glu=0.84 GABA=0.25] | osc[δ=0.618 θ=0.177 γ=0.204] | em[C2:ρ=0.52/τ=0.83/s=0.71 C4:Q=-3.9 W=89 pl=2 C3:pc=0.335 C5:lat=1.00 C6:pac=0.01] | gif7[dgn=0.952 lr×1.000] | trunk[budget=1.00 bpp=3.34e-09 erank=442.7 uni=2.75 α=0.39 R²=0.72 PR=2.6]
step   280 | loss 10.2499 | lm 10.2500 | ppl 28282.5 | gnorm 1.871 | lr 5.83e-05 | 3553 tok/s | Φ 0.999 | λ₁ 0.075 | ign 0.71 | mesoLG 0.50 | troph 8/8 μ2.25 | NT[DA=0.27 NE=0.26 5HT=0.61 ACh=0.29 eCB=0.44 Glu=0.86 GABA=0.18] | osc[δ=0.625 θ=0.202 γ=0.173] | em[C2:ρ=0.31/τ=0.86/s=0.71 C4:Q=-3.4 W=99 pl=2 C3:pc=0.354 C5:lat=1.00 C6:pac=0.02] | gif7[dgn=0.937 lr×1.000] | trunk[budget=1.00 bpp=4.73e-09 erank=441.5 uni=1.98 α=0.38 R²=0.69 PR=2.4]
step   300 | loss 9.9686 | lm 9.9688 | ppl 21348.8 | gnorm 2.657 | lr 6.25e-05 | 3580 tok/s | Φ 0.999 | λ₁ 0.075 | ign 0.71 | mesoLG 0.50 | troph 8/8 μ2.42 | NT[DA=0.42 NE=0.41 5HT=0.64 ACh=0.30 eCB=0.43 Glu=0.84 GABA=0.20] | osc[δ=0.613 θ=0.177 γ=0.210] | em[C2:ρ=0.22/τ=0.88/s=0.71 C4:Q=-3.3 W=104 pl=2 C3:pc=0.408 C5:lat=1.00 C6:pac=0.03] | gif7[dgn=0.883 lr×1.000] | trunk[budget=1.00 bpp=5.66e-09 erank=436.9 uni=2.00 α=0.39 R²=0.70 PR=2.3]
step   320 | loss 10.0749 | lm 10.0750 | ppl 23742.0 | gnorm 1.920 | lr 6.67e-05 | 3578 tok/s | Φ 0.999 | λ₁ 0.075 | ign 0.71 | mesoLG 0.50 | troph 8/8 μ2.66 | NT[DA=0.31 NE=0.26 5HT=0.65 ACh=0.35 eCB=0.46 Glu=0.86 GABA=0.12] | osc[δ=0.608 θ=0.192 γ=0.200] | em[C2:ρ=0.00/τ=0.85/s=0.71 C4:Q=0.9 W=103 pl=2 C3:pc=0.427 C5:lat=1.00 C6:pac=0.01] | gif7[dgn=0.934 lr×1.000] | trunk[budget=1.00 bpp=5.66e-09 erank=435.2 uni=2.03 α=0.35 R²=0.62 PR=2.2]
step   340 | loss 9.9405 | lm 9.9406 | ppl 20756.7 | gnorm 2.373 | lr 7.08e-05 | 3590 tok/s | Φ 0.993 | λ₁ 0.075 | ign 0.71 | mesoLG 0.50 | troph 8/8 μ2.89 | NT[DA=0.33 NE=0.30 5HT=0.66 ACh=0.35 eCB=0.48 Glu=0.88 GABA=0.12] | osc[δ=0.634 θ=0.194 γ=0.172] | em[C2:ρ=0.00/τ=0.81/s=0.71 C4:Q=1.3 W=114 pl=2 C3:pc=0.451 C5:lat=1.00 C6:pac=0.01] | gif7[dgn=0.903 lr×1.000] | trunk[budget=1.00 bpp=6.12e-09 erank=428.8 uni=2.24 α=0.33 R²=0.54 PR=1.9]
step   360 | loss 9.8249 | lm 9.8250 | ppl 18490.3 | gnorm 2.128 | lr 7.50e-05 | 3568 tok/s | Φ 0.993 | λ₁ 0.075 | ign 0.71 | mesoLG 0.51 | troph 8/8 μ3.14 | NT[DA=0.42 NE=0.26 5HT=0.67 ACh=0.35 eCB=0.48 Glu=0.87 GABA=0.12] | osc[δ=0.703 θ=0.165 γ=0.132] | em[C2:ρ=0.00/τ=0.77/s=0.71 C4:Q=0.7 W=93 pl=3 C3:pc=0.477 C5:lat=1.00 C6:pac=0.01] | gif7[dgn=0.920 lr×1.000] | trunk[budget=1.00 bpp=7.05e-09 erank=437.2 uni=2.63 α=0.43 R²=0.67 PR=2.4]
step   380 | loss 9.6436 | lm 9.6438 | ppl 15425.1 | gnorm 2.467 | lr 7.92e-05 | 3581 tok/s | Φ 0.993 | λ₁ 0.075 | ign 0.71 | mesoLG 0.50 | troph 8/8 μ3.40 | NT[DA=0.38 NE=0.39 5HT=0.69 ACh=0.35 eCB=0.50 Glu=0.88 GABA=0.15] | osc[δ=0.621 θ=0.196 γ=0.183] | em[C2:ρ=0.00/τ=0.73/s=0.71 C4:Q=-0.6 W=105 pl=2 C3:pc=0.530 C5:lat=1.00 C6:pac=0.02] | gif7[dgn=0.897 lr×1.000] | trunk[budget=1.00 bpp=7.97e-09 erank=423.8 uni=2.86 α=0.36 R²=0.56 PR=1.8]
step   400 | loss 9.4561 | lm 9.4563 | ppl 12787.8 | gnorm 2.611 | lr 8.33e-05 | 3575 tok/s | Φ 0.993 | λ₁ 0.075 | ign 0.71 | mesoLG 0.50 | troph 8/8 μ3.65 | NT[DA=0.46 NE=0.40 5HT=0.71 ACh=0.33 eCB=0.50 Glu=0.88 GABA=0.17] | osc[δ=0.613 θ=0.196 γ=0.192] | em[C2:ρ=0.09/τ=0.70/s=0.71 C4:Q=-2.2 W=108 pl=2 C3:pc=0.577 C5:lat=1.00 C6:pac=0.01] | gif7[dgn=0.886 lr×1.000] | trunk[budget=1.00 bpp=1.12e-08 erank=421.0 uni=2.76 α=0.38 R²=0.55 PR=1.8]
step   420 | loss 9.3905 | lm 9.3906 | ppl 11975.6 | gnorm 2.399 | lr 8.75e-05 | 3601 tok/s | Φ 0.987 | λ₁ 0.075 | ign 0.70 | mesoLG 0.49 | troph 8/8 μ4.08 | NT[DA=0.38 NE=0.34 5HT=0.72 ACh=0.31 eCB=0.57 Glu=0.92 GABA=0.18] | osc[δ=0.580 θ=0.215 γ=0.205] | em[C2:ρ=0.17/τ=0.69/s=0.70 C4:Q=1.4 W=125 pl=2 C3:pc=0.650 C5:lat=1.00 C6:pac=0.01] | gif7[dgn=0.902 lr×1.000] | trunk[budget=1.00 bpp=9.83e-09 erank=405.7 uni=2.54 α=0.32 R²=0.43 PR=1.5]
step   440 | loss 9.1374 | lm 9.1375 | ppl 9297.5 | gnorm 2.966 | lr 9.17e-05 | 3556 tok/s | Φ 0.987 | λ₁ 0.075 | ign 0.72 | mesoLG 0.49 | troph 8/8 μ4.43 | NT[DA=0.41 NE=0.71 5HT=0.74 ACh=0.29 eCB=0.54 Glu=0.90 GABA=0.28] | osc[δ=0.572 θ=0.249 γ=0.179] | em[C2:ρ=0.28/τ=0.69/s=0.72 C4:Q=-3.8 W=124 pl=2 C3:pc=0.862 C5:lat=1.00 C6:pac=0.01] | gif7[dgn=0.860 lr×1.000] | trunk[budget=1.00 bpp=1.08e-08 erank=398.7 uni=3.11 α=0.29 R²=0.35 PR=1.4]
step   460 | loss 9.3030 | lm 9.3031 | ppl 10972.3 | gnorm 2.081 | lr 9.58e-05 | 3580 tok/s | Φ 0.982 | λ₁ 0.075 | ign 0.72 | mesoLG 0.50 | troph 8/8 μ5.04 | NT[DA=0.40 NE=0.19 5HT=0.74 ACh=0.26 eCB=0.56 Glu=0.91 GABA=0.19] | osc[δ=0.640 θ=0.201 γ=0.160] | em[C2:ρ=0.30/τ=0.71/s=0.72 C4:Q=-3.9 W=131 pl=1 C3:pc=0.884 C5:lat=1.00 C6:pac=0.01] | gif7[dgn=0.923 lr×1.000] | trunk[budget=1.00 bpp=1.21e-08 erank=387.9 uni=2.41 α=0.29 R²=0.34 PR=1.4]
step   480 | loss 8.8905 | lm 8.8906 | ppl 7263.6 | gnorm 4.718 | lr 1.00e-04 | 3551 tok/s | Φ 0.976 | λ₁ 0.075 | ign 0.72 | mesoLG 0.49 | troph 8/8 μ5.18 | NT[DA=0.55 NE=0.41 5HT=0.75 ACh=0.28 eCB=0.46 Glu=0.85 GABA=0.21] | osc[δ=0.544 θ=0.263 γ=0.193] | em[C2:ρ=0.23/τ=0.73/s=0.72 C4:Q=-2.4 W=126 pl=2 C3:pc=1.262 C5:lat=1.00 C6:pac=0.01] | gif7[dgn=0.727 lr×1.000] | trunk[budget=1.00 bpp=1.86e-08 erank=385.1 uni=2.79 α=0.29 R²=0.34 PR=1.3]
[train_dsl] heatmap step 500: heatmaps/topology-100m/rcc_bowtie_30m_p4.json (max=0.31, hottest=language_model.lm_head)
[train_dsl] heatmap pushed → master
step   500 | loss 8.7061 | lm 8.7063 | ppl 6040.5 | gnorm 4.869 | lr 1.04e-04 | 2521 tok/s | Φ 0.976 | λ₁ 0.075 | ign 0.71 | mesoLG 0.49 | troph 8/8 μ5.46 | NT[DA=0.41 NE=0.68 5HT=0.76 ACh=0.26 eCB=0.45 Glu=0.86 GABA=0.33] | osc[δ=0.467 θ=0.218 γ=0.315] | em[C2:ρ=0.38/τ=0.75/s=0.71 C4:Q=-1.1 W=117 pl=2 C3:pc=182923.047 C5:lat=1.00 C6:pac=0.01] | gif7[dgn=0.716 lr×1.000] | trunk[budget=1.00 bpp=1.26e-08 erank=380.6 uni=2.42 α=0.42 R²=0.54 PR=1.4]
[mid-ood] step 500: eval-v2 snapshot...
[eval-v2] corpus 'pg19' failed (skipping): RuntimeError: Dataset scripts are no longer supported, but found pg19.py
[mid-ood] step 500: wikitext ppl=10534.4 gap_ratio=1.74 (train_ppl=6040.5) traindist ppl=8104.7 gap_v2=1.30 (50 seq, 6430 tok)
step   520 | loss 8.9061 | lm 8.9062 | ppl 7377.9 | gnorm 2.199 | lr 1.08e-04 | 1338 tok/s | Φ 0.970 | λ₁ 0.075 | ign 0.72 | mesoLG 0.50 | troph 8/8 μ5.90 | NT[DA=0.39 NE=0.18 5HT=0.76 ACh=0.26 eCB=0.48 Glu=0.88 GABA=0.20] | osc[δ=0.542 θ=0.189 γ=0.268] | em[C2:ρ=0.36/τ=0.78/s=0.72 C4:Q=-0.2 W=120 pl=2 C3:pc=7573203332961862156288.000 C5:lat=1.00 C6:pac=0.02] | gif7[dgn=0.915 lr×1.000] | trunk[budget=1.00 bpp=1.49e-08 erank=375.9 uni=3.75 α=0.33 R²=0.41 PR=1.3]
step   540 | loss 8.5749 | lm 8.5750 | ppl 5297.6 | gnorm 2.273 | lr 1.13e-04 | 3560 tok/s | Φ 0.964 | λ₁ 0.075 | ign 0.71 | mesoLG 0.50 | troph 8/8 μ6.26 | NT[DA=0.42 NE=0.27 5HT=0.76 ACh=0.23 eCB=0.45 Glu=0.86 GABA=0.27] | osc[δ=0.536 θ=0.216 γ=0.249] | em[C2:ρ=0.50/τ=0.82/s=0.71 C4:Q=-1.2 W=125 pl=2 C3:pc=inf C5:lat=1.00 C6:pac=0.02] | gif7[dgn=0.910 lr×1.000] | trunk[budget=1.00 bpp=1.77e-08 erank=371.2 uni=3.46 α=0.35 R²=0.42 PR=1.3]
step   560 | loss 8.5764 | lm 8.5766 | ppl 5305.8 | gnorm 3.125 | lr 1.17e-04 | 3544 tok/s | Φ 0.958 | λ₁ 0.075 | ign 0.71 | mesoLG 0.50 | troph 8/8 μ6.50 | NT[DA=0.46 NE=0.18 5HT=0.76 ACh=0.26 eCB=0.39 Glu=0.81 GABA=0.19] | osc[δ=0.572 θ=0.190 γ=0.237] | em[C2:ρ=0.34/τ=0.87/s=0.71 C4:Q=5.5 W=114 pl=2 C3:pc=nan C5:lat=1.00 C6:pac=0.01] | gif7[dgn=0.848 lr×1.000] | trunk[budget=1.00 bpp=2.05e-08 erank=371.8 uni=2.39 α=0.38 R²=0.44 PR=1.3]
step   580 | loss 8.6311 | lm 8.6312 | ppl 5604.1 | gnorm 2.159 | lr 1.21e-04 | 3629 tok/s | Φ 0.947 | λ₁ 0.075 | ign 0.68 | mesoLG 0.49 | troph 8/8 μ6.75 | NT[DA=0.28 NE=0.19 5HT=0.75 ACh=0.31 eCB=0.37 Glu=0.81 GABA=0.14] | osc[δ=0.580 θ=0.144 γ=0.276] | em[C2:ρ=0.22/τ=0.88/s=0.68 C4:Q=-1.0 W=115 pl=2 C3:pc=nan C5:lat=1.00 C6:pac=0.01] | gif7[dgn=0.918 lr×1.000] | trunk[budget=1.00 bpp=1.35e-08 erank=373.9 uni=3.82 α=0.39 R²=0.49 PR=1.3]
step   600 | loss 8.2139 | lm 8.2141 | ppl 3692.5 | gnorm 4.885 | lr 1.25e-04 | 3572 tok/s | Φ 0.941 | λ₁ 0.075 | ign 0.68 | mesoLG 0.47 | troph 8/8 μ6.67 | NT[DA=0.44 NE=0.26 5HT=0.76 ACh=0.33 eCB=0.29 Glu=0.73 GABA=0.13] | osc[δ=0.498 θ=0.207 γ=0.295] | em[C2:ρ=0.11/τ=0.87/s=0.68 C4:Q=-0.4 W=122 pl=2 C3:pc=nan C5:lat=1.00 C6:pac=0.01] | gif7[dgn=0.715 lr×1.000] | trunk[budget=1.00 bpp=1.68e-08 erank=376.6 uni=2.13 α=0.30 R²=0.34 PR=1.3]
