════════════════════════════════════════════════════════════════
  DSL-driven training loop
  arch=control-100m (folder: architectures/control-100m)
  steps=10000 batch=4 seq_len=256 d_sem=384
  ckpt_dir=/workspace/brian/lfs_checkpoints
════════════════════════════════════════════════════════════════

▶ launch attempt 1 @ 20:39:30Z
[train_dsl] boot @ 2026-08-10T20:39:32Z
[train_dsl] git_commit c318180876a532da30654a007186256f592c076d (master)
[train_dsl] arch_dsl_sha256 7fe2f43bd1551bc90c0ded7a157174b529dc57296b5e1cf313ea4b90bb68898b (/workspace/brian/architectures/control-100m)
[train_dsl] preset rcc_bowtie_30m_p4: d_model=384 depth=4 heads=6 vocab=50257 lr=0.0003 warmup=300 min_ratio=0.1 wd=0.05
[train_dsl] scale 100m (~~136M (param-matched to SmolLM 100m trunk)): d_model=640 depth=14 heads=10 batch=4 ctx=256 grad_accum=4 dist=single
[train_dsl] DSL-LM (full N8 cortex): vocab=50257 d_model=640 depth=14 heads=10 ctx=256
[train_dsl] training config: loss_clip=True(f=3.0), opt=adamw, lr=0.0005, grad_accum=8, label_smooth=0.0, wd=0.01, dropout=0.1, pct_strength=0.0
[train_dsl] GQA: n_kv_heads=10/10  RoPE base=500000
[train_dsl] pred_coding aux weight override -> 0.0
[train_dsl] DSL-LM parameters: total 168.6M  (trainable 168.6M · frozen 0.0M); checkpoint will only save the trainable subset (frozen HF experts excluded via _CKPT_EXTERNAL_PREFIXES)
[train_dsl] TrunkOptMonitor attached (n_trainable=168.6M, pac_sigma=0.02, pac_delta=0.05)
[train_dsl] GIF OOD probe armed
[train_dsl] LR schedule from arch.neuro (preset rcc_bowtie_30m_p4 suppressed): lr=0.0005 wd=0.01 warmup=300 min_ratio=0.1
[train_dsl] mixed precision: bf16
BRIANHarness:
  vocab_size = 50257
  d_sem      = 640
  parameters = 168,587,810  (trainable 168,587,810 · frozen 0)
  checkpoint = 171,300,471 params ≈ 653.5 MB (fp32) — frozen HF experts excluded
  circuit populations = 0
  sink population = 
  loss clipping = True (factor=3.0)
  optimizer = adamw (lr=0.0005)
[train_dsl] device=cuda, warmup=300/10000
[train_dsl] ══════════════════════════════════════════════
[train_dsl] PR2 OOD interventions: dar=off pcc=off isotropy=off cmd=off adaptive_mixture=off
[train_dsl] ══════════════════════════════════════════════
[data:text] using FineWeb-Edu-10BT (HuggingFaceFW/fineweb-edu:sample-10BT)
[data:chat] using OpenHermes-2.5 (teknium/OpenHermes-2.5)
[train_dsl] run-heatmap armed: every 500 steps → heatmaps/control-100m/rcc_bowtie_30m_p4.json
step    20 | loss 10.8281 | lm 10.8281 | ppl 50419.1 | gnorm 0.743 | lr 3.33e-05 | 2546 tok/s | Φ 0.999 | λ₁ 0.023 | ign 0.98 | mesoLG 0.50 | troph 14/14 μ1.02 | NT[DA=0.16 NE=0.21 5HT=0.50 ACh=0.30 eCB=0.10 Glu=0.45 GABA=0.15] | osc[δ=0.424 θ=0.311 γ=0.265] | em[C2:ρ=1.00/τ=0.60/s=0.98 C4:Q=1.0 W=48 pl=5 C3:pc=8.061 C5:lat=1.00 C6:pac=0.00] | gif7[dgn=0.989 lr×1.000] | trunk[budget=1.00 bpp=9.12e-11 erank=525.6 uni=3.74 α=0.41 R²=0.82 PR=39.8]
step    40 | loss 10.7719 | lm 10.7719 | ppl 47661.3 | gnorm 0.874 | lr 6.67e-05 | 4061 tok/s | Φ 0.999 | λ₁ 0.023 | ign 0.97 | mesoLG 0.50 | troph 14/14 μ1.42 | NT[DA=0.17 NE=0.64 5HT=0.51 ACh=0.30 eCB=0.11 Glu=0.47 GABA=0.25] | osc[δ=0.459 θ=0.307 γ=0.234] | em[C2:ρ=1.00/τ=0.76/s=0.97 C4:Q=2.2 W=68 pl=3 C3:pc=3.333 C5:lat=1.00 C6:pac=0.04] | gif7[dgn=0.985 lr×1.000] | trunk[budget=1.00 bpp=5.51e-10 erank=519.0 uni=3.57 α=0.40 R²=0.81 PR=27.1]
step    60 | loss 10.7063 | lm 10.7063 | ppl 44633.9 | gnorm 1.079 | lr 1.00e-04 | 4221 tok/s | Φ 0.999 | λ₁ 0.023 | ign 0.94 | mesoLG 0.50 | troph 14/14 μ1.63 | NT[DA=0.18 NE=0.27 5HT=0.51 ACh=0.32 eCB=0.13 Glu=0.54 GABA=0.15] | osc[δ=0.558 θ=0.232 γ=0.210] | em[C2:ρ=0.78/τ=0.91/s=0.94 C4:Q=0.4 W=62 pl=4 C3:pc=1.367 C5:lat=1.00 C6:pac=0.01] | gif7[dgn=0.978 lr×1.000] | trunk[budget=1.00 bpp=1.01e-09 erank=515.7 uni=3.39 α=0.40 R²=0.81 PR=18.4]
step    80 | loss 10.4719 | lm 10.4719 | ppl 35308.4 | gnorm 2.132 | lr 1.33e-04 | 4226 tok/s | Φ 0.999 | λ₁ 0.023 | ign 0.92 | mesoLG 0.50 | troph 14/14 μ1.97 | NT[DA=0.26 NE=0.57 5HT=0.53 ACh=0.35 eCB=0.25 Glu=0.76 GABA=0.17] | osc[δ=0.645 θ=0.172 γ=0.183] | em[C2:ρ=0.53/τ=0.99/s=0.92 C4:Q=1.5 W=111 pl=2 C3:pc=0.669 C5:lat=1.00 C6:pac=0.03] | gif7[dgn=0.920 lr×1.000] | trunk[budget=1.00 bpp=5.15e-09 erank=494.8 uni=3.06 α=0.37 R²=0.74 PR=8.5]
step   100 | loss 10.2875 | lm 10.2875 | ppl 29363.3 | gnorm 2.460 | lr 1.67e-04 | 4266 tok/s | Φ 0.999 | λ₁ 0.023 | ign 0.91 | mesoLG 0.51 | troph 14/14 μ2.63 | NT[DA=0.33 NE=0.51 5HT=0.55 ACh=0.38 eCB=0.55 Glu=0.92 GABA=0.13] | osc[δ=0.656 θ=0.185 γ=0.159] | em[C2:ρ=0.23/τ=1.00/s=0.91 C4:Q=0.5 W=107 pl=2 C3:pc=0.474 C5:lat=1.00 C6:pac=0.03] | gif7[dgn=0.897 lr×1.000] | trunk[budget=1.00 bpp=6.53e-09 erank=481.1 uni=2.50 α=0.36 R²=0.67 PR=5.7]
step   120 | loss 10.2188 | lm 10.2188 | ppl 27412.4 | gnorm 1.589 | lr 2.00e-04 | 4255 tok/s | Φ 0.999 | λ₁ 0.023 | ign 0.89 | mesoLG 0.50 | troph 14/14 μ3.42 | NT[DA=0.27 NE=0.37 5HT=0.57 ACh=0.40 eCB=0.67 Glu=0.94 GABA=0.10] | osc[δ=0.696 θ=0.171 γ=0.133] | em[C2:ρ=0.12/τ=0.99/s=0.89 C4:Q=-0.6 W=108 pl=2 C3:pc=0.414 C5:lat=1.00 C6:pac=0.03] | gif7[dgn=0.953 lr×1.000] | trunk[budget=1.00 bpp=4.23e-09 erank=461.1 uni=2.31 α=0.28 R²=0.53 PR=3.4]
step   140 | loss 9.9250 | lm 9.9250 | ppl 20434.9 | gnorm 1.822 | lr 2.33e-04 | 4305 tok/s | Φ 0.993 | λ₁ 0.023 | ign 0.85 | mesoLG 0.51 | troph 14/14 μ4.48 | NT[DA=0.39 NE=0.35 5HT=0.60 ACh=0.38 eCB=0.70 Glu=0.94 GABA=0.11] | osc[δ=0.719 θ=0.148 γ=0.133] | em[C2:ρ=0.23/τ=0.98/s=0.85 C4:Q=-2.5 W=109 pl=2 C3:pc=0.490 C5:lat=1.00 C6:pac=0.03] | gif7[dgn=0.940 lr×1.000] | trunk[budget=1.00 bpp=7.91e-09 erank=457.7 uni=3.08 α=0.29 R²=0.51 PR=2.8]
step   160 | loss 9.6219 | lm 9.6219 | ppl 15091.3 | gnorm 1.966 | lr 2.67e-04 | 4184 tok/s | Φ 0.993 | λ₁ 0.023 | ign 0.81 | mesoLG 0.50 | troph 14/14 μ5.39 | NT[DA=0.45 NE=0.38 5HT=0.64 ACh=0.37 eCB=0.66 Glu=0.93 GABA=0.13] | osc[δ=0.651 θ=0.186 γ=0.162] | em[C2:ρ=0.27/τ=0.99/s=0.81 C4:Q=1.1 W=125 pl=2 C3:pc=0.754 C5:lat=1.00 C6:pac=0.03] | gif7[dgn=0.931 lr×1.000] | trunk[budget=1.00 bpp=9.28e-09 erank=448.4 uni=3.18 α=0.27 R²=0.41 PR=2.3]
step   180 | loss 9.1937 | lm 9.1937 | ppl 9835.5 | gnorm 2.221 | lr 3.00e-04 | 4235 tok/s | Φ 0.976 | λ₁ 0.023 | ign 0.81 | mesoLG 0.51 | troph 14/14 μ6.26 | NT[DA=0.56 NE=0.42 5HT=0.68 ACh=0.37 eCB=0.65 Glu=0.93 GABA=0.13] | osc[δ=0.681 θ=0.182 γ=0.137] | em[C2:ρ=0.20/τ=1.00/s=0.81 C4:Q=-1.5 W=114 pl=2 C3:pc=8285.363 C5:lat=1.00 C6:pac=0.03] | gif7[dgn=0.914 lr×1.000] | trunk[budget=1.00 bpp=1.11e-08 erank=444.5 uni=2.12 α=0.33 R²=0.48 PR=2.0]
step   200 | loss 8.7906 | lm 8.7906 | ppl 6572.3 | gnorm 2.112 | lr 3.33e-04 | 4166 tok/s | Φ 0.958 | λ₁ 0.023 | ign 0.74 | mesoLG 0.50 | troph 14/14 μ6.86 | NT[DA=0.54 NE=0.56 5HT=0.71 ACh=0.35 eCB=0.63 Glu=0.93 GABA=0.17] | osc[δ=0.686 θ=0.168 γ=0.145] | em[C2:ρ=0.30/τ=1.00/s=0.74 C4:Q=-2.8 W=135 pl=1 C3:pc=1555540270770459770880.000 C5:lat=1.00 C6:pac=0.03] | gif7[dgn=0.921 lr×1.000] | trunk[budget=1.00 bpp=1.48e-08 erank=430.2 uni=2.73 α=0.29 R²=0.38 PR=1.6]
step   220 | loss 8.4625 | lm 8.4625 | ppl 4733.9 | gnorm 2.001 | lr 3.67e-04 | 4245 tok/s | Φ 0.918 | λ₁ 0.023 | ign 0.72 | mesoLG 0.51 | troph 14/14 μ6.37 | NT[DA=0.57 NE=0.32 5HT=0.74 ACh=0.36 eCB=0.50 Glu=0.86 GABA=0.13] | osc[δ=0.552 θ=0.187 γ=0.261] | em[C2:ρ=0.22/τ=1.00/s=0.72 C4:Q=-0.2 W=44 pl=6 C3:pc=inf C5:lat=1.00 C6:pac=0.03] | gif7[dgn=0.928 lr×1.000] | trunk[budget=1.00 bpp=1.80e-08 erank=410.6 uni=3.02 α=0.33 R²=0.42 PR=1.4]
step   240 | loss 8.0734 | lm 8.0734 | ppl 3208.1 | gnorm 19.233 | lr 4.00e-04 | 4228 tok/s | Φ 0.895 | λ₁ 0.023 | ign 0.71 | mesoLG 0.51 | troph 14/14 μ7.05 | NT[DA=0.51 NE=0.88 5HT=0.76 ACh=0.33 eCB=0.50 Glu=0.88 GABA=0.29] | osc[δ=0.502 θ=0.292 γ=0.206] | em[C2:ρ=0.45/τ=1.00/s=0.71 C4:Q=-2.2 W=129 pl=1 C3:pc=nan C5:lat=1.00 C6:pac=0.04] | gif7[dgn=0.252 lr×1.000] | trunk[budget=1.00 bpp=1.89e-08 erank=410.7 uni=3.64 α=0.28 R²=0.33 PR=1.4]
step   260 | loss 8.1156 | lm 8.1156 | ppl 3346.3 | gnorm 1.527 | lr 4.33e-04 | 4298 tok/s | Φ 0.837 | λ₁ 0.023 | ign 0.71 | mesoLG 0.51 | troph 14/14 μ10.30 | NT[DA=0.50 NE=0.20 5HT=0.77 ACh=0.30 eCB=0.68 Glu=0.94 GABA=0.16] | osc[δ=0.655 θ=0.212 γ=0.133] | em[C2:ρ=0.55/τ=1.00/s=0.71 C4:Q=1.3 W=132 pl=1 C3:pc=nan C5:lat=1.00 C6:pac=0.02] | gif7[dgn=0.956 lr×1.000] | trunk[budget=1.00 bpp=1.99e-08 erank=406.4 uni=2.33 α=0.28 R²=0.32 PR=1.4]
step   280 | loss 7.8016 | lm 7.8016 | ppl 2444.4 | gnorm 1.358 | lr 4.67e-04 | 4215 tok/s | Φ 0.791 | λ₁ 0.023 | ign 0.71 | mesoLG 0.49 | troph 14/14 μ12.44 | NT[DA=0.47 NE=0.16 5HT=0.78 ACh=0.31 eCB=0.60 Glu=0.91 GABA=0.13] | osc[δ=0.634 θ=0.219 γ=0.147] | em[C2:ρ=0.48/τ=1.00/s=0.71 C4:Q=1.2 W=127 pl=2 C3:pc=nan C5:lat=1.00 C6:pac=0.01] | gif7[dgn=0.965 lr×1.000] | trunk[budget=1.00 bpp=2.40e-08 erank=402.8 uni=2.63 α=0.32 R²=0.39 PR=1.3]
step   300 | loss 7.2953 | lm 7.2953 | ppl 1473.4 | gnorm 2.554 | lr 5.00e-04 | 4249 tok/s | Φ 0.727 | λ₁ 0.023 | ign 0.71 | mesoLG 0.49 | troph 14/14 μ14.03 | NT[DA=0.56 NE=0.20 5HT=0.79 ACh=0.33 eCB=0.48 Glu=0.86 GABA=0.12] | osc[δ=0.634 θ=0.216 γ=0.150] | em[C2:ρ=0.30/τ=1.00/s=0.71 C4:Q=3.6 W=99 pl=3 C3:pc=nan C5:lat=1.00 C6:pac=0.02] | gif7[dgn=0.891 lr×1.000] | trunk[budget=1.00 bpp=2.81e-08 erank=397.2 uni=5.80 α=0.37 R²=0.44 PR=1.4]
step   320 | loss 7.5406 | lm 7.5406 | ppl 1883.0 | gnorm 0.575 | lr 5.00e-04 | 4216 tok/s | Φ 0.641 | λ₁ 0.023 | ign 0.71 | mesoLG 0.49 | troph 14/14 μ14.82 | NT[DA=0.40 NE=0.12 5HT=0.78 ACh=0.39 eCB=0.45 Glu=0.85 GABA=0.07] | osc[δ=0.592 θ=0.220 γ=0.188] | em[C2:ρ=0.02/τ=0.98/s=0.71 C4:Q=-2.6 W=133 pl=1 C3:pc=nan C5:lat=1.00 C6:pac=0.02] | gif7[dgn=0.993 lr×1.000] | trunk[budget=1.00 bpp=2.63e-08 erank=394.6 uni=4.83 α=0.29 R²=0.31 PR=1.3]
step   340 | loss 7.5187 | lm 7.5187 | ppl 1842.3 | gnorm 1.361 | lr 5.00e-04 | 4249 tok/s | Φ 0.600 | λ₁ 0.023 | ign 0.71 | mesoLG 0.48 | troph 14/14 μ15.62 | NT[DA=0.33 NE=0.14 5HT=0.78 ACh=0.39 eCB=0.38 Glu=0.81 GABA=0.07] | osc[δ=0.516 θ=0.270 γ=0.215] | em[C2:ρ=0.05/τ=0.95/s=0.71 C4:Q=-0.6 W=108 pl=4 C3:pc=nan C5:lat=1.00 C6:pac=0.02] | gif7[dgn=0.965 lr×1.000] | trunk[budget=1.00 bpp=2.24e-08 erank=385.7 uni=3.75 α=0.37 R²=0.44 PR=1.4]
step   360 | loss 7.7188 | lm 7.7188 | ppl 2250.1 | gnorm 1.065 | lr 5.00e-04 | 4124 tok/s | Φ 0.652 | λ₁ 0.023 | ign 0.73 | mesoLG 0.50 | troph 14/14 μ15.93 | NT[DA=0.36 NE=0.15 5HT=0.76 ACh=0.34 eCB=0.31 Glu=0.75 GABA=0.11] | osc[δ=0.412 θ=0.363 γ=0.225] | em[C2:ρ=0.34/τ=0.95/s=0.73 C4:Q=1.9 W=131 pl=1 C3:pc=nan C5:lat=1.00 C6:pac=0.02] | gif7[dgn=0.978 lr×1.000] | trunk[budget=1.00 bpp=2.03e-08 erank=396.4 uni=2.78 α=0.42 R²=0.51 PR=1.8]
step   380 | loss 7.3781 | lm 7.3781 | ppl 1600.6 | gnorm 0.891 | lr 5.00e-04 | 4222 tok/s | Φ 0.730 | λ₁ 0.023 | ign 0.72 | mesoLG 0.50 | troph 14/14 μ15.92 | NT[DA=0.30 NE=0.14 5HT=0.76 ACh=0.29 eCB=0.20 Glu=0.61 GABA=0.15] | osc[δ=0.533 θ=0.247 γ=0.220] | em[C2:ρ=0.56/τ=1.00/s=0.72 C4:Q=1.8 W=109 pl=7 C3:pc=nan C5:lat=1.00 C6:pac=0.02] | gif7[dgn=0.984 lr×1.000] | trunk[budget=1.00 bpp=2.12e-08 erank=376.9 uni=5.78 α=0.41 R²=0.50 PR=1.8]
step   400 | loss 7.1047 | lm 7.1047 | ppl 1217.7 | gnorm 1.044 | lr 5.00e-04 | 4197 tok/s | Φ 0.667 | λ₁ 0.023 | ign 0.66 | mesoLG 0.50 | troph 14/14 μ16.56 | NT[DA=0.39 NE=0.15 5HT=0.75 ACh=0.25 eCB=0.18 Glu=0.62 GABA=0.19] | osc[δ=0.496 θ=0.295 γ=0.209] | em[C2:ρ=0.70/τ=1.00/s=0.66 C4:Q=-2.9 W=119 pl=2 C3:pc=nan C5:lat=1.00 C6:pac=0.01] | gif7[dgn=0.979 lr×1.000] | trunk[budget=1.00 bpp=3.13e-08 erank=387.9 uni=4.12 α=0.41 R²=0.46 PR=2.2]
step   420 | loss 7.2297 | lm 7.2297 | ppl 1379.8 | gnorm 0.692 | lr 5.00e-04 | 4280 tok/s | Φ 0.684 | λ₁ 0.023 | ign 0.61 | mesoLG 0.46 | troph 14/14 μ19.26 | NT[DA=0.26 NE=0.13 5HT=0.74 ACh=0.27 eCB=0.30 Glu=0.79 GABA=0.16] | osc[δ=0.547 θ=0.250 γ=0.204] | em[C2:ρ=0.56/τ=1.00/s=0.61 C4:Q=-2.3 W=131 pl=1 C3:pc=nan C5:lat=1.00 C6:pac=0.02] | gif7[dgn=0.991 lr×1.000] | trunk[budget=1.00 bpp=2.24e-08 erank=342.0 uni=4.67 α=0.34 R²=0.46 PR=1.3]
step   440 | loss 6.8906 | lm 6.8906 | ppl 983.0 | gnorm 1.545 | lr 5.00e-04 | 4192 tok/s | Φ 0.661 | λ₁ 0.023 | ign 0.56 | mesoLG 0.45 | troph 14/14 μ22.70 | NT[DA=0.27 NE=0.14 5HT=0.74 ACh=0.30 eCB=0.36 Glu=0.82 GABA=0.13] | osc[δ=0.669 θ=0.187 γ=0.144] | em[C2:ρ=0.44/τ=1.00/s=0.56 C4:Q=3.2 W=133 pl=1 C3:pc=nan C5:lat=1.00 C6:pac=0.01] | gif7[dgn=0.955 lr×1.000] | trunk[budget=1.00 bpp=2.26e-08 erank=340.6 uni=3.41 α=0.33 R²=0.43 PR=1.3]
step   460 | loss 7.7203 | lm 7.7203 | ppl 2253.7 | gnorm 1.119 | lr 5.00e-04 | 4305 tok/s | Φ 0.673 | λ₁ 0.023 | ign 0.56 | mesoLG 0.49 | troph 14/14 μ25.43 | NT[DA=0.21 NE=0.15 5HT=0.72 ACh=0.29 eCB=0.39 Glu=0.83 GABA=0.15] | osc[δ=0.655 θ=0.184 γ=0.161] | em[C2:ρ=0.56/τ=1.00/s=0.56 C4:Q=-1.4 W=133 pl=1 C3:pc=nan C5:lat=1.00 C6:pac=0.02] | gif7[dgn=0.976 lr×1.000] | trunk[budget=1.00 bpp=2.35e-08 erank=336.7 uni=3.08 α=0.32 R²=0.42 PR=1.4]
step   480 | loss 6.9031 | lm 6.9031 | ppl 995.4 | gnorm 1.935 | lr 5.00e-04 | 4223 tok/s | Φ 0.702 | λ₁ 0.023 | ign 0.55 | mesoLG 0.49 | troph 14/14 μ27.53 | NT[DA=0.40 NE=0.16 5HT=0.71 ACh=0.24 eCB=0.32 Glu=0.77 GABA=0.20] | osc[δ=0.564 θ=0.232 γ=0.204] | em[C2:ρ=0.77/τ=1.00/s=0.55 C4:Q=2.0 W=139 pl=1 C3:pc=nan C5:lat=1.00 C6:pac=0.01] | gif7[dgn=0.933 lr×1.000] | trunk[budget=1.00 bpp=3.92e-08 erank=335.1 uni=1.99 α=0.30 R²=0.39 PR=1.4]
[train_dsl] heatmap step 500: heatmaps/control-100m/rcc_bowtie_30m_p4.json (max=0.39, hottest=language_model.lm_head)
[train_dsl] heatmap pushed → master
step   500 | loss 6.7422 | lm 6.7422 | ppl 847.4 | gnorm 1.593 | lr 5.00e-04 | 2927 tok/s | Φ 0.635 | λ₁ 0.023 | ign 0.59 | mesoLG 0.51 | troph 14/14 μ29.59 | NT[DA=0.24 NE=0.18 5HT=0.71 ACh=0.21 eCB=0.29 Glu=0.75 GABA=0.26] | osc[δ=0.382 θ=0.218 γ=0.400] | em[C2:ρ=0.94/τ=1.00/s=0.59 C4:Q=0.4 W=102 pl=12 C3:pc=nan C5:lat=1.00 C6:pac=0.02] | gif7[dgn=0.953 lr×1.000] | trunk[budget=1.00 bpp=2.12e-08 erank=377.5 uni=3.11 α=0.42 R²=0.48 PR=2.2]
[mid-ood] step 500: eval-v2 snapshot...
[eval-v2] corpus 'pg19' failed (skipping): RuntimeError: Dataset scripts are no longer supported, but found pg19.py
